../Drivers/user/stts751_reg.c:49:16:stts751_read_reg	40	static
../Drivers/user/stts751_reg.c:72:16:stts751_write_reg	40	static
../Drivers/user/stts751_reg.c:98:9:stts751_from_lsb_to_celsius	16	static
../Drivers/user/stts751_reg.c:120:9:stts751_from_celsius_to_lsb	16	static
../Drivers/user/stts751_reg.c:146:9:stts751_temp_data_rate_set	32	static
../Drivers/user/stts751_reg.c:193:9:stts751_temp_data_rate_get	32	static
../Drivers/user/stts751_reg.c:275:9:stts751_resolution_set	24	static
../Drivers/user/stts751_reg.c:299:9:stts751_resolution_get	24	static
../Drivers/user/stts751_reg.c:340:9:stts751_status_reg_get	24	static
../Drivers/user/stts751_reg.c:358:9:stts751_flag_busy_get	24	static
../Drivers/user/stts751_reg.c:390:9:stts751_temperature_raw_get	24	static
../Drivers/user/stts751_reg.c:429:9:stts751_pin_event_route_set	24	static
../Drivers/user/stts751_reg.c:453:9:stts751_pin_event_route_get	24	static
../Drivers/user/stts751_reg.c:485:9:stts751_high_temperature_threshold_set	24	static
../Drivers/user/stts751_reg.c:507:9:stts751_high_temperature_threshold_get	24	static
../Drivers/user/stts751_reg.c:529:9:stts751_low_temperature_threshold_set	24	static
../Drivers/user/stts751_reg.c:551:9:stts751_low_temperature_threshold_get	24	static
../Drivers/user/stts751_reg.c:586:9:stts751_ota_thermal_limit_set	24	static
../Drivers/user/stts751_reg.c:603:9:stts751_ota_thermal_limit_get	24	static
../Drivers/user/stts751_reg.c:621:9:stts751_ota_thermal_hyst_set	24	static
../Drivers/user/stts751_reg.c:640:9:stts751_ota_thermal_hyst_get	24	static
../Drivers/user/stts751_reg.c:670:9:stts751_smbus_timeout_set	24	static
../Drivers/user/stts751_reg.c:695:9:stts751_smbus_timeout_get	24	static
../Drivers/user/stts751_reg.c:714:9:stts751_device_id_get	24	static
