C:/Users/taouf/OneDrive/Documents/LE/SensorDemo_BLE_l476rg/SensorDemo_BLE_l476rg/Src/app_bluenrg_2.c:110:7:linear_interpolation	16	static
C:/Users/taouf/OneDrive/Documents/LE/SensorDemo_BLE_l476rg/SensorDemo_BLE_l476rg/Src/app_bluenrg_2.c:136:6:MX_BlueNRG_2_Init	16	static
C:/Users/taouf/OneDrive/Documents/LE/SensorDemo_BLE_l476rg/SensorDemo_BLE_l476rg/Src/app_bluenrg_2.c:221:6:MX_BlueNRG_2_Process	8	static
C:/Users/taouf/OneDrive/Documents/LE/SensorDemo_BLE_l476rg/SensorDemo_BLE_l476rg/Src/app_bluenrg_2.c:241:13:User_Init	8	static
C:/Users/taouf/OneDrive/Documents/LE/SensorDemo_BLE_l476rg/SensorDemo_BLE_l476rg/Src/app_bluenrg_2.c:255:9:Sensor_DeviceInit	56	static
C:/Users/taouf/OneDrive/Documents/LE/SensorDemo_BLE_l476rg/SensorDemo_BLE_l476rg/Src/app_bluenrg_2.c:392:13:User_Process	16	static
C:/Users/taouf/OneDrive/Documents/LE/SensorDemo_BLE_l476rg/SensorDemo_BLE_l476rg/Src/app_bluenrg_2.c:460:13:Set_Random_Environmental_Values	48	static
C:/Users/taouf/OneDrive/Documents/LE/SensorDemo_BLE_l476rg/SensorDemo_BLE_l476rg/Src/app_bluenrg_2.c:466:6:read_temperature_and_pression	24	static
C:/Users/taouf/OneDrive/Documents/LE/SensorDemo_BLE_l476rg/SensorDemo_BLE_l476rg/Src/app_bluenrg_2.c:518:13:Set_Random_Motion_Values	1032	static
C:/Users/taouf/OneDrive/Documents/LE/SensorDemo_BLE_l476rg/SensorDemo_BLE_l476rg/Src/app_bluenrg_2.c:559:13:Reset_Motion_Values	4	static
C:/Users/taouf/OneDrive/Documents/LE/SensorDemo_BLE_l476rg/SensorDemo_BLE_l476rg/Src/app_bluenrg_2.c:582:9:getBlueNRGVersion	48	static
C:/Users/taouf/OneDrive/Documents/LE/SensorDemo_BLE_l476rg/SensorDemo_BLE_l476rg/Src/app_bluenrg_2.c:606:6:BSP_PB_Callback	16	static
C:/Users/taouf/OneDrive/Documents/LE/SensorDemo_BLE_l476rg/SensorDemo_BLE_l476rg/Src/app_bluenrg_2.c:613:16:platform_write	40	static
C:/Users/taouf/OneDrive/Documents/LE/SensorDemo_BLE_l476rg/SensorDemo_BLE_l476rg/Src/app_bluenrg_2.c:623:16:platform_read	40	static
C:/Users/taouf/OneDrive/Documents/LE/SensorDemo_BLE_l476rg/SensorDemo_BLE_l476rg/Src/app_bluenrg_2.c:640:6:hci_le_connection_complete_event	24	static
C:/Users/taouf/OneDrive/Documents/LE/SensorDemo_BLE_l476rg/SensorDemo_BLE_l476rg/Src/app_bluenrg_2.c:662:6:hci_disconnection_complete_event	16	static
C:/Users/taouf/OneDrive/Documents/LE/SensorDemo_BLE_l476rg/SensorDemo_BLE_l476rg/Src/app_bluenrg_2.c:681:6:aci_gatt_read_permit_req_event	16	static
