Archive member included to satisfy reference by file (symbol)

C:/ST/STM32CubeIDE_1.14.1/STM32CubeIDE/plugins/com.st.stm32cube.ide.mcu.externaltools.gnu-tools-for-stm32.11.3.rel1.win32_1.1.100.202309141235/tools/bin/../lib/gcc/arm-none-eabi/11.3.1/../../../../arm-none-eabi/lib/thumb/v7e-m+fp/hard\libc_nano.a(libc_a-exit.o)
                              C:/ST/STM32CubeIDE_1.14.1/STM32CubeIDE/plugins/com.st.stm32cube.ide.mcu.externaltools.gnu-tools-for-stm32.11.3.rel1.win32_1.1.100.202309141235/tools/bin/../lib/gcc/arm-none-eabi/11.3.1/../../../../arm-none-eabi/lib/thumb/v7e-m+fp/hard/crt0.o (exit)
C:/ST/STM32CubeIDE_1.14.1/STM32CubeIDE/plugins/com.st.stm32cube.ide.mcu.externaltools.gnu-tools-for-stm32.11.3.rel1.win32_1.1.100.202309141235/tools/bin/../lib/gcc/arm-none-eabi/11.3.1/../../../../arm-none-eabi/lib/thumb/v7e-m+fp/hard\libc_nano.a(libc_a-rand.o)
                              ./Application/User/app_bluenrg_2.o (srand)
C:/ST/STM32CubeIDE_1.14.1/STM32CubeIDE/plugins/com.st.stm32cube.ide.mcu.externaltools.gnu-tools-for-stm32.11.3.rel1.win32_1.1.100.202309141235/tools/bin/../lib/gcc/arm-none-eabi/11.3.1/../../../../arm-none-eabi/lib/thumb/v7e-m+fp/hard\libc_nano.a(libc_a-nano-vfprintf_float.o)
                              (_printf_float)
C:/ST/STM32CubeIDE_1.14.1/STM32CubeIDE/plugins/com.st.stm32cube.ide.mcu.externaltools.gnu-tools-for-stm32.11.3.rel1.win32_1.1.100.202309141235/tools/bin/../lib/gcc/arm-none-eabi/11.3.1/../../../../arm-none-eabi/lib/thumb/v7e-m+fp/hard\libc_nano.a(libc_a-nano-vfprintf_i.o)
                              C:/ST/STM32CubeIDE_1.14.1/STM32CubeIDE/plugins/com.st.stm32cube.ide.mcu.externaltools.gnu-tools-for-stm32.11.3.rel1.win32_1.1.100.202309141235/tools/bin/../lib/gcc/arm-none-eabi/11.3.1/../../../../arm-none-eabi/lib/thumb/v7e-m+fp/hard\libc_nano.a(libc_a-nano-vfprintf_float.o) (_printf_common)
C:/ST/STM32CubeIDE_1.14.1/STM32CubeIDE/plugins/com.st.stm32cube.ide.mcu.externaltools.gnu-tools-for-stm32.11.3.rel1.win32_1.1.100.202309141235/tools/bin/../lib/gcc/arm-none-eabi/11.3.1/../../../../arm-none-eabi/lib/thumb/v7e-m+fp/hard\libc_nano.a(libc_a-findfp.o)
                              C:/ST/STM32CubeIDE_1.14.1/STM32CubeIDE/plugins/com.st.stm32cube.ide.mcu.externaltools.gnu-tools-for-stm32.11.3.rel1.win32_1.1.100.202309141235/tools/bin/../lib/gcc/arm-none-eabi/11.3.1/../../../../arm-none-eabi/lib/thumb/v7e-m+fp/hard\libc_nano.a(libc_a-exit.o) (__stdio_exit_handler)
C:/ST/STM32CubeIDE_1.14.1/STM32CubeIDE/plugins/com.st.stm32cube.ide.mcu.externaltools.gnu-tools-for-stm32.11.3.rel1.win32_1.1.100.202309141235/tools/bin/../lib/gcc/arm-none-eabi/11.3.1/../../../../arm-none-eabi/lib/thumb/v7e-m+fp/hard\libc_nano.a(libc_a-fwalk.o)
                              C:/ST/STM32CubeIDE_1.14.1/STM32CubeIDE/plugins/com.st.stm32cube.ide.mcu.externaltools.gnu-tools-for-stm32.11.3.rel1.win32_1.1.100.202309141235/tools/bin/../lib/gcc/arm-none-eabi/11.3.1/../../../../arm-none-eabi/lib/thumb/v7e-m+fp/hard\libc_nano.a(libc_a-findfp.o) (_fwalk_sglue)
C:/ST/STM32CubeIDE_1.14.1/STM32CubeIDE/plugins/com.st.stm32cube.ide.mcu.externaltools.gnu-tools-for-stm32.11.3.rel1.win32_1.1.100.202309141235/tools/bin/../lib/gcc/arm-none-eabi/11.3.1/../../../../arm-none-eabi/lib/thumb/v7e-m+fp/hard\libc_nano.a(libc_a-printf.o)
                              ./Application/User/app_bluenrg_2.o (printf)
C:/ST/STM32CubeIDE_1.14.1/STM32CubeIDE/plugins/com.st.stm32cube.ide.mcu.externaltools.gnu-tools-for-stm32.11.3.rel1.win32_1.1.100.202309141235/tools/bin/../lib/gcc/arm-none-eabi/11.3.1/../../../../arm-none-eabi/lib/thumb/v7e-m+fp/hard\libc_nano.a(libc_a-puts.o)
                              ./Application/User/app_bluenrg_2.o (puts)
C:/ST/STM32CubeIDE_1.14.1/STM32CubeIDE/plugins/com.st.stm32cube.ide.mcu.externaltools.gnu-tools-for-stm32.11.3.rel1.win32_1.1.100.202309141235/tools/bin/../lib/gcc/arm-none-eabi/11.3.1/../../../../arm-none-eabi/lib/thumb/v7e-m+fp/hard\libc_nano.a(libc_a-sprintf.o)
                              ./Application/User/app_bluenrg_2.o (sprintf)
C:/ST/STM32CubeIDE_1.14.1/STM32CubeIDE/plugins/com.st.stm32cube.ide.mcu.externaltools.gnu-tools-for-stm32.11.3.rel1.win32_1.1.100.202309141235/tools/bin/../lib/gcc/arm-none-eabi/11.3.1/../../../../arm-none-eabi/lib/thumb/v7e-m+fp/hard\libc_nano.a(libc_a-stdio.o)
                              C:/ST/STM32CubeIDE_1.14.1/STM32CubeIDE/plugins/com.st.stm32cube.ide.mcu.externaltools.gnu-tools-for-stm32.11.3.rel1.win32_1.1.100.202309141235/tools/bin/../lib/gcc/arm-none-eabi/11.3.1/../../../../arm-none-eabi/lib/thumb/v7e-m+fp/hard\libc_nano.a(libc_a-findfp.o) (__sread)
C:/ST/STM32CubeIDE_1.14.1/STM32CubeIDE/plugins/com.st.stm32cube.ide.mcu.externaltools.gnu-tools-for-stm32.11.3.rel1.win32_1.1.100.202309141235/tools/bin/../lib/gcc/arm-none-eabi/11.3.1/../../../../arm-none-eabi/lib/thumb/v7e-m+fp/hard\libc_nano.a(libc_a-wbuf.o)
[...]
Memory Configuration

Name             Origin             Length             Attributes
RAM              0x0000000020000000 0x0000000000018000 xrw
RAM2             0x0000000010000000 0x0000000000008000 xrw
FLASH            0x0000000008000000 0x0000000000100000 xr
*default*        0x0000000000000000 0xffffffffffffffff

Linker script and memory map

LOAD C:/ST/STM32CubeIDE_1.14.1/STM32CubeIDE/plugins/com.st.stm32cube.ide.mcu.externaltools.gnu-tools-for-stm32.11.3.rel1.win32_1.1.100.202309141235/tools/bin/../lib/gcc/arm-none-eabi/11.3.1/thumb/v7e-m+fp/hard/crti.o
LOAD C:/ST/STM32CubeIDE_1.14.1/STM32CubeIDE/plugins/com.st.stm32cube.ide.mcu.externaltools.gnu-tools-for-stm32.11.3.rel1.win32_1.1.100.202309141235/tools/bin/../lib/gcc/arm-none-eabi/11.3.1/thumb/v7e-m+fp/hard/crtbegin.o
LOAD C:/ST/STM32CubeIDE_1.14.1/STM32CubeIDE/plugins/com.st.stm32cube.ide.mcu.externaltools.gnu-tools-for-stm32.11.3.rel1.win32_1.1.100.202309141235/tools/bin/../lib/gcc/arm-none-eabi/11.3.1/../../../../arm-none-eabi/lib/thumb/v7e-m+fp/hard/crt0.o
LOAD ./Application/Startup/startup_stm32l476rgtx.o
LOAD ./Application/User/app_bluenrg_2.o
LOAD ./Application/User/bsp.o
LOAD ./Application/User/gatt_db.o
LOAD ./Application/User/gpio.o
LOAD ./Application/User/hci_tl_interface.o
LOAD ./Application/User/i2c.o
LOAD ./Application/User/main.o
LOAD ./Application/User/sensor.o
LOAD ./Application/User/stm32l4xx_hal_msp.o
LOAD ./Application/User/stm32l4xx_it.o
LOAD ./Application/User/stm32l4xx_nucleo_bus.o
LOAD ./Application/User/syscalls.o
LOAD ./Application/User/sysmem.o
LOAD ./Drivers/BSP/STM32L4xx_Nucleo/stm32l4xx_nucleo.o
LOAD ./Drivers/CMSIS/system_stm32l4xx.o
LOAD ./Drivers/HTS221/hts221_reg.o
LOAD ./Drivers/LPS22HH/lps22hh_reg.o
LOAD ./Drivers/STM32L4xx_HAL_Driver/stm32l4xx_hal.o
LOAD ./Drivers/STM32L4xx_HAL_Driver/stm32l4xx_hal_cortex.o
LOAD ./Drivers/STM32L4xx_HAL_Driver/stm32l4xx_hal_dma.o
LOAD ./Drivers/STM32L4xx_HAL_Driver/stm32l4xx_hal_dma_ex.o
LOAD ./Drivers/STM32L4xx_HAL_Driver/stm32l4xx_hal_exti.o
LOAD ./Drivers/STM32L4xx_HAL_Driver/stm32l4xx_hal_flash.o
LOAD ./Drivers/STM32L4xx_HAL_Driver/stm32l4xx_hal_flash_ex.o
LOAD ./Drivers/STM32L4xx_HAL_Driver/stm32l4xx_hal_flash_ramfunc.o
LOAD ./Drivers/STM32L4xx_HAL_Driver/stm32l4xx_hal_gpio.o
LOAD ./Drivers/STM32L4xx_HAL_Driver/stm32l4xx_hal_i2c.o
LOAD ./Drivers/STM32L4xx_HAL_Driver/stm32l4xx_hal_i2c_ex.o
LOAD ./Drivers/STM32L4xx_HAL_Driver/stm32l4xx_hal_pwr.o
LOAD ./Drivers/STM32L4xx_HAL_Driver/stm32l4xx_hal_pwr_ex.o
LOAD ./Drivers/STM32L4xx_HAL_Driver/stm32l4xx_hal_rcc.o
LOAD ./Drivers/STM32L4xx_HAL_Driver/stm32l4xx_hal_rcc_ex.o
LOAD ./Drivers/STM32L4xx_HAL_Driver/stm32l4xx_hal_spi.o
LOAD ./Drivers/STM32L4xx_HAL_Driver/stm32l4xx_hal_spi_ex.o
LOAD ./Drivers/STM32L4xx_HAL_Driver/stm32l4xx_hal_tim.o
LOAD ./Drivers/STM32L4xx_HAL_Driver/stm32l4xx_hal_tim_ex.o
LOAD ./Drivers/STM32L4xx_HAL_Driver/stm32l4xx_hal_uart.o
LOAD ./Drivers/STM32L4xx_HAL_Driver/stm32l4xx_hal_uart_ex.o
LOAD ./Middlewares/BlueNRG-2/Wireless/BlueNRG-2/Controller/bluenrg1_gap_aci.o
LOAD ./Middlewares/BlueNRG-2/Wireless/BlueNRG-2/Controller/bluenrg1_gatt_aci.o
LOAD ./Middlewares/BlueNRG-2/Wireless/BlueNRG-2/Controller/bluenrg1_hal_aci.o
LOAD ./Middlewares/BlueNRG-2/Wireless/BlueNRG-2/Controller/bluenrg1_l2cap_aci.o
LOAD ./Middlewares/BlueNRG-2/Wireless/BlueNRG-2/HCI_TL/Basic/bluenrg1_devConfig.o
LOAD ./Middlewares/BlueNRG-2/Wireless/BlueNRG-2/HCI_TL/Basic/bluenrg1_events.o
LOAD ./Middlewares/BlueNRG-2/Wireless/BlueNRG-2/HCI_TL/Basic/bluenrg1_events_cb.o
LOAD ./Middlewares/BlueNRG-2/Wireless/BlueNRG-2/HCI_TL/Basic/bluenrg1_hci_le.o
LOAD ./Middlewares/BlueNRG-2/Wireless/BlueNRG-2/HCI_TL/Basic/hci_tl.o
LOAD ./Middlewares/BlueNRG-2/Wireless/BlueNRG-2/Utils/ble_list.o
START GROUP
LOAD C:/ST/STM32CubeIDE_1.14.1/STM32CubeIDE/plugins/com.st.stm32cube.ide.mcu.externaltools.gnu-tools-for-stm32.11.3.rel1.win32_1.1.100.202309141235/tools/bin/../lib/gcc/arm-none-eabi/11.3.1/../../../../arm-none-eabi/lib/thumb/v7e-m+fp/hard\libc_nano.a
LOAD C:/ST/STM32CubeIDE_1.14.1/STM32CubeIDE/plugins/com.st.stm32cube.ide.mcu.externaltools.gnu-tools-for-stm32.11.3.rel1.win32_1.1.100.202309141235/tools/bin/../lib/gcc/arm-none-eabi/11.3.1/../../../../arm-none-eabi/lib/thumb/v7e-m+fp/hard\libm.a
END GROUP
START GROUP
LOAD C:/ST/STM32CubeIDE_1.14.1/STM32CubeIDE/plugins/com.st.stm32cube.ide.mcu.externaltools.gnu-tools-for-stm32.11.3.rel1.win32_1.1.100.202309141235/tools/bin/../lib/gcc/arm-none-eabi/11.3.1/thumb/v7e-m+fp/hard\libgcc.a
LOAD C:/ST/STM32CubeIDE_1.14.1/STM32CubeIDE/plugins/com.st.stm32cube.ide.mcu.externaltools.gnu-tools-for-stm32.11.3.rel1.win32_1.1.100.202309141235/tools/bin/../lib/gcc/arm-none-eabi/11.3.1/../../../../arm-none-eabi/lib/thumb/v7e-m+fp/hard\libc_nano.a
END GROUP
START GROUP
LOAD C:/ST/STM32CubeIDE_1.14.1/STM32CubeIDE/plugins/com.st.stm32cube.ide.mcu.externaltools.gnu-tools-for-stm32.11.3.rel1.win32_1.1.100.202309141235/tools/bin/../lib/gcc/arm-none-eabi/11.3.1/thumb/v7e-m+fp/hard\libgcc.a
LOAD C:/ST/STM32CubeIDE_1.14.1/STM32CubeIDE/plugins/com.st.stm32cube.ide.mcu.externaltools.gnu-tools-for-stm32.11.3.rel1.win32_1.1.100.202309141235/tools/bin/../lib/gcc/arm-none-eabi/11.3.1/../../../../arm-none-eabi/lib/thumb/v7e-m+fp/hard\libc_nano.a
LOAD C:/ST/STM32CubeIDE_1.14.1/STM32CubeIDE/plugins/com.st.stm32cube.ide.mcu.externaltools.gnu-tools-for-stm32.11.3.rel1.win32_1.1.100.202309141235/tools/bin/../lib/gcc/arm-none-eabi/11.3.1/../../../../arm-none-eabi/lib/thumb/v7e-m+fp/hard\libnosys.a
END GROUP
START GROUP
LOAD C:/ST/STM32CubeIDE_1.14.1/STM32CubeIDE/plugins/com.st.stm32cube.ide.mcu.externaltools.gnu-tools-for-stm32.11.3.rel1.win32_1.1.100.202309141235/tools/bin/../lib/gcc/arm-none-eabi/11.3.1/thumb/v7e-m+fp/hard\libgcc.a
LOAD C:/ST/STM32CubeIDE_1.14.1/STM32CubeIDE/plugins/com.st.stm32cube.ide.mcu.externaltools.gnu-tools-for-stm32.11.3.rel1.win32_1.1.100.202309141235/tools/bin/../lib/gcc/arm-none-eabi/11.3.1/../../../../arm-none-eabi/lib/thumb/v7e-m+fp/hard\libc_nano.a
LOAD C:/ST/STM32CubeIDE_1.14.1/STM32CubeIDE/plugins/com.st.stm32cube.ide.mcu.externaltools.gnu-tools-for-stm32.11.3.rel1.win32_1.1.100.202309141235/tools/bin/../lib/gcc/arm-none-eabi/11.3.1/../../../../arm-none-eabi/lib/thumb/v7e-m+fp/hard\libnosys.a
END GROUP
LOAD C:/ST/STM32CubeIDE_1.14.1/STM32CubeIDE/plugins/com.st.stm32cube.ide.mcu.externaltools.gnu-tools-for-stm32.11.3.rel1.win32_1.1.100.202309141235/tools/bin/../lib/gcc/arm-none-eabi/11.3.1/thumb/v7e-m+fp/hard/crtend.o
LOAD C:/ST/STM32CubeIDE_1.14.1/STM32CubeIDE/plugins/com.st.stm32cube.ide.mcu.externaltools.gnu-tools-for-stm32.11.3.rel1.win32_1.1.100.202309141235/tools/bin/../lib/gcc/arm-none-eabi/11.3.1/thumb/v7e-m+fp/hard/crtn.o
                0x0000000020018000                _estack = (ORIGIN (RAM) + LENGTH (RAM))
                0x0000000000000400                _Min_Heap_Size = 0x400
                0x0000000000000800                _Min_Stack_Size = 0x800

.isr_vector     0x0000000008000000      0x188
                0x0000000008000000                . = ALIGN (0x4)
 *(.isr_vector)
 .isr_vector    0x0000000008000000      0x188 ./Application/Startup/startup_stm32l476rgtx.o
                0x0000000008000000                g_pfnVectors
                0x0000000008000188                . = ALIGN (0x4)

.text           0x0000000008000190     0xe2d0
                0x0000000008000190                . = ALIGN (0x4)
 *(.text)
 .text          0x0000000008000190       0x40 C:/ST/STM32CubeIDE_1.14.1/STM32CubeIDE/plugins/com.st.stm32cube.ide.mcu.externaltools.gnu-tools-for-stm32.11.3.rel1.win32_1.1.100.202309141235/tools/bin/../lib/gcc/arm-none-eabi/11.3.1/thumb/v7e-m+fp/hard/crtbegin.o
 .text          0x00000000080001d0       0xa0 C:/ST/STM32CubeIDE_1.14.1/STM32CubeIDE/plugins/com.st.stm32cube.ide.mcu.externaltools.gnu-tools-for-stm32.11.3.rel1.win32_1.1.100.202309141235/tools/bin/../lib/gcc/arm-none-eabi/11.3.1/../../../../arm-none-eabi/lib/thumb/v7e-m+fp/hard\libc_nano.a(libc_a-memchr.o)
                0x00000000080001d0                memchr
 .text          0x0000000008000270       0x10 C:/ST/STM32CubeIDE_1.14.1/STM32CubeIDE/plugins/com.st.stm32cube.ide.mcu.externaltools.gnu-tools-for-stm32.11.3.rel1.win32_1.1.100.202309141235/tools/bin/../lib/gcc/arm-none-eabi/11.3.1/../../../../arm-none-eabi/lib/thumb/v7e-m+fp/hard\libc_nano.a(libc_a-strlen.o)
                0x0000000008000270                strlen
 .text          0x0000000008000280      0x378 C:/ST/STM32CubeIDE_1.14.1/STM32CubeIDE/plugins/com.st.stm32cube.ide.mcu.externaltools.gnu-tools-for-stm32.11.3.rel1.win32_1.1.100.202309141235/tools/bin/../lib/gcc/arm-none-eabi/11.3.1/thumb/v7e-m+fp/hard\libgcc.a(_arm_addsubdf3.o)
                0x0000000008000280                __aeabi_drsub
                0x0000000008000288                __aeabi_dsub
                0x0000000008000288                __subdf3
                0x000000000800028c                __aeabi_dadd
                0x000000000800028c                __adddf3
                0x0000000008000504                __floatunsidf
                0x0000000008000504                __aeabi_ui2d
                0x0000000008000524                __floatsidf
                0x0000000008000524                __aeabi_i2d
                0x0000000008000548                __aeabi_f2d
                0x0000000008000548                __extendsfdf2
                0x000000000800058c                __floatundidf
                0x000000000800058c                __aeabi_ul2d
                0x000000000800059c                __floatdidf
                0x000000000800059c                __aeabi_l2d
 .text          0x00000000080005f8      0x424 C:/ST/STM32CubeIDE_1.14.1/STM32CubeIDE/plugins/com.st.stm32cube.ide.mcu.externaltools.gnu-tools-for-stm32.11.3.rel1.win32_1.1.100.202309141235/tools/bin/../lib/gcc/arm-none-eabi/11.3.1/thumb/v7e-m+fp/hard\libgcc.a(_arm_muldivdf3.o)
                0x00000000080005f8                __aeabi_dmul
                0x00000000080005f8                __muldf3
                0x000000000800084c                __divdf3
                0x000000000800084c                __aeabi_ddiv
 .text          0x0000000008000a1c      0x110 C:/ST/STM32CubeIDE_1.14.1/STM32CubeIDE/plugins/com.st.stm32cube.ide.mcu.externaltools.gnu-tools-for-stm32.11.3.rel1.win32_1.1.100.202309141235/tools/bin/../lib/gcc/arm-none-eabi/11.3.1/thumb/v7e-m+fp/hard\libgcc.a(_arm_cmpdf2.o)
                0x0000000008000a1c                __gtdf2
                0x0000000008000a1c                __gedf2
                0x0000000008000a24                __ltdf2
                0x0000000008000a24                __ledf2
                0x0000000008000a2c                __nedf2
                0x0000000008000a2c                __eqdf2
                0x0000000008000a2c                __cmpdf2
                0x0000000008000aa8                __aeabi_cdrcmple
                0x0000000008000ab8                __aeabi_cdcmpeq
                0x0000000008000ab8                __aeabi_cdcmple
                0x0000000008000ac8                __aeabi_dcmpeq
                0x0000000008000adc                __aeabi_dcmplt
                0x0000000008000af0                __aeabi_dcmple
                0x0000000008000b04                __aeabi_dcmpge
                0x0000000008000b18                __aeabi_dcmpgt
 .text          0x0000000008000b2c       0x2c C:/ST/STM32CubeIDE_1.14.1/STM32CubeIDE/plugins/com.st.stm32cube.ide.mcu.externaltools.gnu-tools-for-stm32.11.3.rel1.win32_1.1.100.202309141235/tools/bin/../lib/gcc/arm-none-eabi/11.3.1/thumb/v7e-m+fp/hard\libgcc.a(_arm_unorddf2.o)
                0x0000000008000b2c                __unorddf2
                0x0000000008000b2c                __aeabi_dcmpun
 .text          0x0000000008000b58       0x50 C:/ST/STM32CubeIDE_1.14.1/STM32CubeIDE/plugins/com.st.stm32cube.ide.mcu.externaltools.gnu-tools-for-stm32.11.3.rel1.win32_1.1.100.202309141235/tools/bin/../lib/gcc/arm-none-eabi/11.3.1/thumb/v7e-m+fp/hard\libgcc.a(_arm_fixdfsi.o)
                0x0000000008000b58                __aeabi_d2iz
                0x0000000008000b58                __fixdfsi
 .text          0x0000000008000ba8       0xa0 C:/ST/STM32CubeIDE_1.14.1/STM32CubeIDE/plugins/com.st.stm32cube.ide.mcu.externaltools.gnu-tools-for-stm32.11.3.rel1.win32_1.1.100.202309141235/tools/bin/../lib/gcc/arm-none-eabi/11.3.1/thumb/v7e-m+fp/hard\libgcc.a(_arm_truncdfsf2.o)
                0x0000000008000ba8                __truncdfsf2
                0x0000000008000ba8                __aeabi_d2f
 .text          0x0000000008000c48       0x30 C:/ST/STM32CubeIDE_1.14.1/STM32CubeIDE/plugins/com.st.stm32cube.ide.mcu.externaltools.gnu-tools-for-stm32.11.3.rel1.win32_1.1.100.202309141235/tools/bin/../lib/gcc/arm-none-eabi/11.3.1/thumb/v7e-m+fp/hard\libgcc.a(_aeabi_uldivmod.o)
                0x0000000008000c48                __aeabi_uldivmod
 .text          0x0000000008000c78      0x2c8 C:/ST/STM32CubeIDE_1.14.1/STM32CubeIDE/plugins/com.st.stm32cube.ide.mcu.externaltools.gnu-tools-for-stm32.11.3.rel1.win32_1.1.100.202309141235/tools/bin/../lib/gcc/arm-none-eabi/11.3.1/thumb/v7e-m+fp/hard\libgcc.a(_udivmoddi4.o)
                0x0000000008000c78                __udivmoddi4
 .text          0x0000000008000f40        0x4 C:/ST/STM32CubeIDE_1.14.1/STM32CubeIDE/plugins/com.st.stm32cube.ide.mcu.externaltools.gnu-tools-for-stm32.11.3.rel1.win32_1.1.100.202309141235/tools/bin/../lib/gcc/arm-none-eabi/11.3.1/thumb/v7e-m+fp/hard\libgcc.a(_dvmd_tls.o)
                0x0000000008000f40                __aeabi_idiv0
                0x0000000008000f40                __aeabi_ldiv0
 *(.text*)
 .text.Reset_Handler
                0x0000000008000f44       0x50 ./Application/Startup/startup_stm32l476rgtx.o
                0x0000000008000f44                Reset_Handler
 .text.Default_Handler
                0x0000000008000f94        0x2 ./Application/Startup/startup_stm32l476rgtx.o
                0x0000000008000f94                RTC_Alarm_IRQHandler
                0x0000000008000f94                EXTI2_IRQHandler
                0x0000000008000f94                TIM8_TRG_COM_IRQHandler
                0x0000000008000f94                TIM8_CC_IRQHandler
                0x0000000008000f94                TIM1_CC_IRQHandler
                0x0000000008000f94                TSC_IRQHandler
                0x0000000008000f94                TAMP_STAMP_IRQHandler
                0x0000000008000f94                EXTI3_IRQHandler
                0x0000000008000f94                LPTIM2_IRQHandler
                0x0000000008000f94                DFSDM1_FLT1_IRQHandler
                0x0000000008000f94                I2C3_ER_IRQHandler
                0x0000000008000f94                DFSDM1_FLT2_IRQHandler
                0x0000000008000f94                I2C2_EV_IRQHandler
                0x0000000008000f94                CAN1_RX0_IRQHandler
                0x0000000008000f94                FPU_IRQHandler
                0x0000000008000f94                TIM1_UP_TIM16_IRQHandler
                0x0000000008000f94                ADC1_2_IRQHandler
                0x0000000008000f94                SPI1_IRQHandler
                0x0000000008000f94                TIM6_DAC_IRQHandler
                0x0000000008000f94                TIM8_UP_IRQHandler
                0x0000000008000f94                DMA2_Channel2_IRQHandler
                0x0000000008000f94                DMA1_Channel4_IRQHandler
                0x0000000008000f94                SAI2_IRQHandler
                0x0000000008000f94                DFSDM1_FLT3_IRQHandler
                0x0000000008000f94                USART3_IRQHandler
                0x0000000008000f94                DMA1_Channel7_IRQHandler
                0x0000000008000f94                CAN1_RX1_IRQHandler
                0x0000000008000f94                LCD_IRQHandler
                0x0000000008000f94                UART5_IRQHandler
                0x0000000008000f94                ADC3_IRQHandler
                0x0000000008000f94                TIM4_IRQHandler
                0x0000000008000f94                DMA2_Channel1_IRQHandler
                0x0000000008000f94                QUADSPI_IRQHandler
                0x0000000008000f94                I2C1_EV_IRQHandler
                0x0000000008000f94                DMA1_Channel6_IRQHandler
                0x0000000008000f94                UART4_IRQHandler
                0x0000000008000f94                DMA2_Channel4_IRQHandler
                0x0000000008000f94                TIM3_IRQHandler
                0x0000000008000f94                RCC_IRQHandler
                0x0000000008000f94                DMA1_Channel1_IRQHandler
                0x0000000008000f94                Default_Handler
                0x0000000008000f94                DMA2_Channel7_IRQHandler
                0x0000000008000f94                TIM7_IRQHandler
                0x0000000008000f94                SDMMC1_IRQHandler
                0x0000000008000f94                TIM5_IRQHandler
                0x0000000008000f94                I2C3_EV_IRQHandler
                0x0000000008000f94                EXTI9_5_IRQHandler
                0x0000000008000f94                RTC_WKUP_IRQHandler
                0x0000000008000f94                PVD_PVM_IRQHandler
                0x0000000008000f94                SPI2_IRQHandler
                0x0000000008000f94                CAN1_TX_IRQHandler
                0x0000000008000f94                DMA2_Channel5_IRQHandler
                0x0000000008000f94                DMA1_Channel5_IRQHandler
                0x0000000008000f94                EXTI4_IRQHandler
                0x0000000008000f94                RNG_IRQHandler
                0x0000000008000f94                TIM1_TRG_COM_TIM17_IRQHandler
                0x0000000008000f94                DMA1_Channel3_IRQHandler
                0x0000000008000f94                COMP_IRQHandler
                0x0000000008000f94                WWDG_IRQHandler
                0x0000000008000f94                LPUART1_IRQHandler
                0x0000000008000f94                DMA2_Channel6_IRQHandler
                0x0000000008000f94                TIM2_IRQHandler
                0x0000000008000f94                EXTI1_IRQHandler
                0x0000000008000f94                USART2_IRQHandler
                0x0000000008000f94                DFSDM1_FLT0_IRQHandler
                0x0000000008000f94                I2C2_ER_IRQHandler
                0x0000000008000f94                DMA1_Channel2_IRQHandler
                0x0000000008000f94                TIM8_BRK_IRQHandler
                0x0000000008000f94                CAN1_SCE_IRQHandler
                0x0000000008000f94                FLASH_IRQHandler
                0x0000000008000f94                USART1_IRQHandler
                0x0000000008000f94                OTG_FS_IRQHandler
                0x0000000008000f94                SPI3_IRQHandler
                0x0000000008000f94                I2C1_ER_IRQHandler
                0x0000000008000f94                FMC_IRQHandler
                0x0000000008000f94                SWPMI1_IRQHandler
                0x0000000008000f94                LPTIM1_IRQHandler
                0x0000000008000f94                SAI1_IRQHandler
                0x0000000008000f94                DMA2_Channel3_IRQHandler
                0x0000000008000f94                TIM1_BRK_TIM15_IRQHandler
 .text.linear_interpolation
                0x0000000008000f96       0x7a ./Application/User/app_bluenrg_2.o
                0x0000000008000f96                linear_interpolation
 .text.MX_BlueNRG_2_Init
                0x0000000008001010      0x15c ./Application/User/app_bluenrg_2.o
                0x0000000008001010                MX_BlueNRG_2_Init
 .text.MX_BlueNRG_2_Process
                0x000000000800116c       0x10 ./Application/User/app_bluenrg_2.o
                0x000000000800116c                MX_BlueNRG_2_Process
 .text.User_Init
                0x000000000800117c       0x1c ./Application/User/app_bluenrg_2.o
 .text.Sensor_DeviceInit
                0x0000000008001198      0x208 ./Application/User/app_bluenrg_2.o
 .text.User_Process
                0x00000000080013a0       0xe0 ./Application/User/app_bluenrg_2.o
 .text.read_temperature_and_pression
                0x0000000008001480      0x168 ./Application/User/app_bluenrg_2.o
                0x0000000008001480                read_temperature_and_pression
 .text.Set_Random_Motion_Values
                0x00000000080015e8     0x10dc ./Application/User/app_bluenrg_2.o
 .text.Reset_Motion_Values
                0x00000000080026c4      0x1d4 ./Application/User/app_bluenrg_2.o
 .text.getBlueNRGVersion
                0x0000000008002898       0x88 ./Application/User/app_bluenrg_2.o
                0x0000000008002898                getBlueNRGVersion
 .text.BSP_PB_Callback
                0x0000000008002920       0x20 ./Application/User/app_bluenrg_2.o
                0x0000000008002920                BSP_PB_Callback
 .text.platform_write
                0x0000000008002940       0x42 ./Application/User/app_bluenrg_2.o
 .text.platform_read
                0x0000000008002982       0x42 ./Application/User/app_bluenrg_2.o
 .text.hci_le_connection_complete_event
                0x00000000080029c4       0x40 ./Application/User/app_bluenrg_2.o
                0x00000000080029c4                hci_le_connection_complete_event
 .text.hci_disconnection_complete_event
                0x0000000008002a04       0x48 ./Application/User/app_bluenrg_2.o
                0x0000000008002a04                hci_disconnection_complete_event
 .text.aci_gatt_read_permit_req_event
                0x0000000008002a4c       0x22 ./Application/User/app_bluenrg_2.o
                0x0000000008002a4c                aci_gatt_read_permit_req_event
 *fill*         0x0000000008002a6e        0x2 
 .text.Add_HWServW2ST_Service
                0x0000000008002a70      0x1b4 ./Application/User/gatt_db.o
                0x0000000008002a70                Add_HWServW2ST_Service
 .text.Add_SWServW2ST_Service
                0x0000000008002c24      0x120 ./Application/User/gatt_db.o
                0x0000000008002c24                Add_SWServW2ST_Service
 .text.Acc_Update
                0x0000000008002d44      0x124 ./Application/User/gatt_db.o
                0x0000000008002d44                Acc_Update
 .text.Quat_Update
                0x0000000008002e68       0x9c ./Application/User/gatt_db.o
                0x0000000008002e68                Quat_Update
 .text.Read_Request_CB
                0x0000000008002f04      0x1ac ./Application/User/gatt_db.o
                0x0000000008002f04                Read_Request_CB
 .text.Environmental_Update
                0x00000000080030b0       0x98 ./Application/User/gatt_db.o
                0x00000000080030b0                Environmental_Update
 .text.MX_GPIO_Init
                0x0000000008003148       0xec ./Application/User/gpio.o
                0x0000000008003148                MX_GPIO_Init
 .text.HCI_TL_SPI_Enable_IRQ
                0x0000000008003234        0xe ./Application/User/hci_tl_interface.o
 .text.HCI_TL_SPI_Disable_IRQ
                0x0000000008003242        0xe ./Application/User/hci_tl_interface.o
 .text.HCI_TL_SPI_Init
                0x0000000008003250       0x98 ./Application/User/hci_tl_interface.o
                0x0000000008003250                HCI_TL_SPI_Init
 .text.HCI_TL_SPI_DeInit
                0x00000000080032e8       0x2a ./Application/User/hci_tl_interface.o
                0x00000000080032e8                HCI_TL_SPI_DeInit
 .text.HCI_TL_SPI_Reset
                0x0000000008003312       0x3e ./Application/User/hci_tl_interface.o
                0x0000000008003312                HCI_TL_SPI_Reset
 .text.HCI_TL_SPI_Receive
                0x0000000008003350       0xb8 ./Application/User/hci_tl_interface.o
                0x0000000008003350                HCI_TL_SPI_Receive
 .text.HCI_TL_SPI_Send
                0x0000000008003408       0xf0 ./Application/User/hci_tl_interface.o
                0x0000000008003408                HCI_TL_SPI_Send
 .text.IsDataAvailable
                0x00000000080034f8       0x1e ./Application/User/hci_tl_interface.o
 *fill*         0x0000000008003516        0x2 
 .text.hci_tl_lowlevel_init
                0x0000000008003518       0x74 ./Application/User/hci_tl_interface.o
                0x0000000008003518                hci_tl_lowlevel_init
 .text.hci_tl_lowlevel_isr
                0x000000000800358c       0x22 ./Application/User/hci_tl_interface.o
                0x000000000800358c                hci_tl_lowlevel_isr
 *fill*         0x00000000080035ae        0x2 
 .text.MX_I2C1_Init
                0x00000000080035b0       0x80 ./Application/User/i2c.o
                0x00000000080035b0                MX_I2C1_Init
 .text.HAL_I2C_MspInit
                0x0000000008003630       0xbc ./Application/User/i2c.o
                0x0000000008003630                HAL_I2C_MspInit
 .text.main     0x00000000080036ec       0x1e ./Application/User/main.o
                0x00000000080036ec                main
 .text.SystemClock_Config
                0x000000000800370a       0xa2 ./Application/User/main.o
                0x000000000800370a                SystemClock_Config
 .text.Error_Handler
                0x00000000080037ac        0xa ./Application/User/main.o
                0x00000000080037ac                Error_Handler
 *fill*         0x00000000080037b6        0x2 
 .text.Set_DeviceConnectable
                0x00000000080037b8      0x118 ./Application/User/sensor.o
                0x00000000080037b8                Set_DeviceConnectable
 .text.APP_UserEvtRx
                0x00000000080038d0       0xf0 ./Application/User/sensor.o
                0x00000000080038d0                APP_UserEvtRx
 .text.HAL_MspInit
                0x00000000080039c0       0x48 ./Application/User/stm32l4xx_hal_msp.o
                0x00000000080039c0                HAL_MspInit
 .text.NMI_Handler
                0x0000000008003a08        0x6 ./Application/User/stm32l4xx_it.o
                0x0000000008003a08                NMI_Handler
 .text.HardFault_Handler
                0x0000000008003a0e        0x6 ./Application/User/stm32l4xx_it.o
                0x0000000008003a0e                HardFault_Handler
 .text.MemManage_Handler
                0x0000000008003a14        0x6 ./Application/User/stm32l4xx_it.o
                0x0000000008003a14                MemManage_Handler
 .text.BusFault_Handler
                0x0000000008003a1a        0x6 ./Application/User/stm32l4xx_it.o
                0x0000000008003a1a                BusFault_Handler
 .text.UsageFault_Handler
                0x0000000008003a20        0x6 ./Application/User/stm32l4xx_it.o
                0x0000000008003a20                UsageFault_Handler
 .text.SVC_Handler
                0x0000000008003a26        0xe ./Application/User/stm32l4xx_it.o
                0x0000000008003a26                SVC_Handler
 .text.DebugMon_Handler
                0x0000000008003a34        0xe ./Application/User/stm32l4xx_it.o
                0x0000000008003a34                DebugMon_Handler
 .text.PendSV_Handler
                0x0000000008003a42        0xe ./Application/User/stm32l4xx_it.o
                0x0000000008003a42                PendSV_Handler
 .text.SysTick_Handler
                0x0000000008003a50        0xc ./Application/User/stm32l4xx_it.o
                0x0000000008003a50                SysTick_Handler
 .text.EXTI0_IRQHandler
                0x0000000008003a5c       0x14 ./Application/User/stm32l4xx_it.o
                0x0000000008003a5c                EXTI0_IRQHandler
 .text.EXTI15_10_IRQHandler
                0x0000000008003a70       0x14 ./Application/User/stm32l4xx_it.o
                0x0000000008003a70                EXTI15_10_IRQHandler
 .text.BSP_SPI1_Init
                0x0000000008003a84       0x60 ./Application/User/stm32l4xx_nucleo_bus.o
                0x0000000008003a84                BSP_SPI1_Init
 .text.BSP_SPI1_SendRecv
                0x0000000008003ae4       0x40 ./Application/User/stm32l4xx_nucleo_bus.o
                0x0000000008003ae4                BSP_SPI1_SendRecv
 .text.BSP_GetTick
                0x0000000008003b24        0xe ./Application/User/stm32l4xx_nucleo_bus.o
                0x0000000008003b24                BSP_GetTick
 *fill*         0x0000000008003b32        0x2 
 .text.MX_SPI1_Init
                0x0000000008003b34       0x84 ./Application/User/stm32l4xx_nucleo_bus.o
                0x0000000008003b34                MX_SPI1_Init
 .text.SPI1_MspInit
                0x0000000008003bb8       0xc4 ./Application/User/stm32l4xx_nucleo_bus.o
 .text._getpid  0x0000000008003c7c       0x10 ./Application/User/syscalls.o
                0x0000000008003c7c                _getpid
 .text._kill    0x0000000008003c8c       0x20 ./Application/User/syscalls.o
                0x0000000008003c8c                _kill
 .text._exit    0x0000000008003cac       0x14 ./Application/User/syscalls.o
                0x0000000008003cac                _exit
 .text._read    0x0000000008003cc0       0x3a ./Application/User/syscalls.o
                0x0000000008003cc0                _read
 .text._write   0x0000000008003cfa       0x38 ./Application/User/syscalls.o
                0x0000000008003cfa                _write
 .text._close   0x0000000008003d32       0x18 ./Application/User/syscalls.o
                0x0000000008003d32                _close
 .text._fstat   0x0000000008003d4a       0x20 ./Application/User/syscalls.o
                0x0000000008003d4a                _fstat
 .text._isatty  0x0000000008003d6a       0x16 ./Application/User/syscalls.o
                0x0000000008003d6a                _isatty
 .text._lseek   0x0000000008003d80       0x1a ./Application/User/syscalls.o
                0x0000000008003d80                _lseek
 *fill*         0x0000000008003d9a        0x2 
 .text._sbrk    0x0000000008003d9c       0x6c ./Application/User/sysmem.o
                0x0000000008003d9c                _sbrk
 .text.BSP_LED_Init
                0x0000000008003e08       0x24 ./Drivers/BSP/STM32L4xx_Nucleo/stm32l4xx_nucleo.o
                0x0000000008003e08                BSP_LED_Init
 .text.BSP_LED_On
                0x0000000008003e2c       0x2c ./Drivers/BSP/STM32L4xx_Nucleo/stm32l4xx_nucleo.o
                0x0000000008003e2c                BSP_LED_On
 .text.BSP_LED_Off
                0x0000000008003e58       0x2c ./Drivers/BSP/STM32L4xx_Nucleo/stm32l4xx_nucleo.o
                0x0000000008003e58                BSP_LED_Off
 .text.BSP_LED_Toggle
                0x0000000008003e84       0x2c ./Drivers/BSP/STM32L4xx_Nucleo/stm32l4xx_nucleo.o
                0x0000000008003e84                BSP_LED_Toggle
 .text.LED_USER_GPIO_Init
                0x0000000008003eb0        0xe ./Drivers/BSP/STM32L4xx_Nucleo/stm32l4xx_nucleo.o
 *fill*         0x0000000008003ebe        0x2 
 .text.BSP_PB_Init
                0x0000000008003ec0       0xa8 ./Drivers/BSP/STM32L4xx_Nucleo/stm32l4xx_nucleo.o
                0x0000000008003ec0                BSP_PB_Init
 .text.BSP_PB_GetState
                0x0000000008003f68       0x38 ./Drivers/BSP/STM32L4xx_Nucleo/stm32l4xx_nucleo.o
                0x0000000008003f68                BSP_PB_GetState
 .text.BUTTON_USER_EXTI_Callback
                0x0000000008003fa0        0xe ./Drivers/BSP/STM32L4xx_Nucleo/stm32l4xx_nucleo.o
 .text.BUTTON_USER_GPIO_Init
                0x0000000008003fae        0xe ./Drivers/BSP/STM32L4xx_Nucleo/stm32l4xx_nucleo.o
 .text.BSP_COM_Init
                0x0000000008003fbc       0x7c ./Drivers/BSP/STM32L4xx_Nucleo/stm32l4xx_nucleo.o
                0x0000000008003fbc                BSP_COM_Init
 .text.MX_USART2_UART_Init
                0x0000000008004038       0x68 ./Drivers/BSP/STM32L4xx_Nucleo/stm32l4xx_nucleo.o
                0x0000000008004038                MX_USART2_UART_Init
 .text.__io_putchar
                0x00000000080040a0       0x38 ./Drivers/BSP/STM32L4xx_Nucleo/stm32l4xx_nucleo.o
                0x00000000080040a0                __io_putchar
 .text.USART2_MspInit
                0x00000000080040d8       0xbc ./Drivers/BSP/STM32L4xx_Nucleo/stm32l4xx_nucleo.o
 .text.SystemInit
                0x0000000008004194       0x24 ./Drivers/CMSIS/system_stm32l4xx.o
                0x0000000008004194                SystemInit
 .text.hts221_read_reg
                0x00000000080041b8       0x30 ./Drivers/HTS221/hts221_reg.o
                0x00000000080041b8                hts221_read_reg
 .text.hts221_humidity_raw_get
                0x00000000080041e8       0x46 ./Drivers/HTS221/hts221_reg.o
                0x00000000080041e8                hts221_humidity_raw_get
 .text.hts221_temperature_raw_get
                0x000000000800422e       0x46 ./Drivers/HTS221/hts221_reg.o
                0x000000000800422e                hts221_temperature_raw_get
 .text.hts221_device_id_get
                0x0000000008004274       0x22 ./Drivers/HTS221/hts221_reg.o
                0x0000000008004274                hts221_device_id_get
 .text.hts221_status_get
                0x0000000008004296       0x22 ./Drivers/HTS221/hts221_reg.o
                0x0000000008004296                hts221_status_get
 .text.hts221_hum_rh_point_0_get
                0x00000000080042b8       0x3c ./Drivers/HTS221/hts221_reg.o
                0x00000000080042b8                hts221_hum_rh_point_0_get
 .text.hts221_hum_rh_point_1_get
                0x00000000080042f4       0x3c ./Drivers/HTS221/hts221_reg.o
                0x00000000080042f4                hts221_hum_rh_point_1_get
 .text.hts221_temp_deg_point_0_get
                0x0000000008004330       0x62 ./Drivers/HTS221/hts221_reg.o
                0x0000000008004330                hts221_temp_deg_point_0_get
 .text.hts221_temp_deg_point_1_get
                0x0000000008004392       0x62 ./Drivers/HTS221/hts221_reg.o
                0x0000000008004392                hts221_temp_deg_point_1_get
 .text.hts221_hum_adc_point_0_get
                0x00000000080043f4       0x48 ./Drivers/HTS221/hts221_reg.o
                0x00000000080043f4                hts221_hum_adc_point_0_get
 .text.hts221_hum_adc_point_1_get
                0x000000000800443c       0x48 ./Drivers/HTS221/hts221_reg.o
                0x000000000800443c                hts221_hum_adc_point_1_get
 .text.hts221_temp_adc_point_0_get
                0x0000000008004484       0x48 ./Drivers/HTS221/hts221_reg.o
                0x0000000008004484                hts221_temp_adc_point_0_get
 .text.hts221_temp_adc_point_1_get
                0x00000000080044cc       0x48 ./Drivers/HTS221/hts221_reg.o
                0x00000000080044cc                hts221_temp_adc_point_1_get
 .text.lps22hh_read_reg
                0x0000000008004514       0x30 ./Drivers/LPS22HH/lps22hh_reg.o
                0x0000000008004514                lps22hh_read_reg
 .text.lps22hh_write_reg
                0x0000000008004544       0x30 ./Drivers/LPS22HH/lps22hh_reg.o
                0x0000000008004544                lps22hh_write_reg
 .text.lps22hh_from_lsb_to_hpa
                0x0000000008004574       0x30 ./Drivers/LPS22HH/lps22hh_reg.o
                0x0000000008004574                lps22hh_from_lsb_to_hpa
 .text.lps22hh_block_data_update_set
                0x00000000080045a4       0x4c ./Drivers/LPS22HH/lps22hh_reg.o
                0x00000000080045a4                lps22hh_block_data_update_set
 .text.lps22hh_data_rate_set
                0x00000000080045f0       0x9c ./Drivers/LPS22HH/lps22hh_reg.o
                0x00000000080045f0                lps22hh_data_rate_set
 .text.lps22hh_pressure_raw_get
                0x000000000800468c       0x52 ./Drivers/LPS22HH/lps22hh_reg.o
                0x000000000800468c                lps22hh_pressure_raw_get
 .text.lps22hh_device_id_get
                0x00000000080046de       0x22 ./Drivers/LPS22HH/lps22hh_reg.o
                0x00000000080046de                lps22hh_device_id_get
 .text.lps22hh_reset_set
                0x0000000008004700       0x4c ./Drivers/LPS22HH/lps22hh_reg.o
                0x0000000008004700                lps22hh_reset_set
 .text.lps22hh_reset_get
                0x000000000800474c       0x32 ./Drivers/LPS22HH/lps22hh_reg.o
                0x000000000800474c                lps22hh_reset_get
 *fill*         0x000000000800477e        0x2 
 .text.HAL_Init
                0x0000000008004780       0x40 ./Drivers/STM32L4xx_HAL_Driver/stm32l4xx_hal.o
                0x0000000008004780                HAL_Init
 .text.HAL_InitTick
                0x00000000080047c0       0x78 ./Drivers/STM32L4xx_HAL_Driver/stm32l4xx_hal.o
                0x00000000080047c0                HAL_InitTick
 .text.HAL_IncTick
                0x0000000008004838       0x28 ./Drivers/STM32L4xx_HAL_Driver/stm32l4xx_hal.o
                0x0000000008004838                HAL_IncTick
 .text.HAL_GetTick
                0x0000000008004860       0x18 ./Drivers/STM32L4xx_HAL_Driver/stm32l4xx_hal.o
                0x0000000008004860                HAL_GetTick
 .text.HAL_Delay
                0x0000000008004878       0x48 ./Drivers/STM32L4xx_HAL_Driver/stm32l4xx_hal.o
                0x0000000008004878                HAL_Delay
 .text.__NVIC_SetPriorityGrouping
                0x00000000080048c0       0x48 ./Drivers/STM32L4xx_HAL_Driver/stm32l4xx_hal_cortex.o
 .text.__NVIC_GetPriorityGrouping
                0x0000000008004908       0x1c ./Drivers/STM32L4xx_HAL_Driver/stm32l4xx_hal_cortex.o
 .text.__NVIC_EnableIRQ
                0x0000000008004924       0x3c ./Drivers/STM32L4xx_HAL_Driver/stm32l4xx_hal_cortex.o
 .text.__NVIC_DisableIRQ
                0x0000000008004960       0x48 ./Drivers/STM32L4xx_HAL_Driver/stm32l4xx_hal_cortex.o
 .text.__NVIC_SetPriority
                0x00000000080049a8       0x54 ./Drivers/STM32L4xx_HAL_Driver/stm32l4xx_hal_cortex.o
 .text.NVIC_EncodePriority
                0x00000000080049fc       0x66 ./Drivers/STM32L4xx_HAL_Driver/stm32l4xx_hal_cortex.o
 *fill*         0x0000000008004a62        0x2 
 .text.SysTick_Config
                0x0000000008004a64       0x44 ./Drivers/STM32L4xx_HAL_Driver/stm32l4xx_hal_cortex.o
 .text.HAL_NVIC_SetPriorityGrouping
                0x0000000008004aa8       0x16 ./Drivers/STM32L4xx_HAL_Driver/stm32l4xx_hal_cortex.o
                0x0000000008004aa8                HAL_NVIC_SetPriorityGrouping
 .text.HAL_NVIC_SetPriority
                0x0000000008004abe       0x38 ./Drivers/STM32L4xx_HAL_Driver/stm32l4xx_hal_cortex.o
                0x0000000008004abe                HAL_NVIC_SetPriority
 .text.HAL_NVIC_EnableIRQ
                0x0000000008004af6       0x1c ./Drivers/STM32L4xx_HAL_Driver/stm32l4xx_hal_cortex.o
                0x0000000008004af6                HAL_NVIC_EnableIRQ
 .text.HAL_NVIC_DisableIRQ
                0x0000000008004b12       0x1c ./Drivers/STM32L4xx_HAL_Driver/stm32l4xx_hal_cortex.o
                0x0000000008004b12                HAL_NVIC_DisableIRQ
 .text.HAL_SYSTICK_Config
                0x0000000008004b2e       0x18 ./Drivers/STM32L4xx_HAL_Driver/stm32l4xx_hal_cortex.o
                0x0000000008004b2e                HAL_SYSTICK_Config
 .text.HAL_EXTI_RegisterCallback
                0x0000000008004b46       0x34 ./Drivers/STM32L4xx_HAL_Driver/stm32l4xx_hal_exti.o
                0x0000000008004b46                HAL_EXTI_RegisterCallback
 .text.HAL_EXTI_GetHandle
                0x0000000008004b7a       0x28 ./Drivers/STM32L4xx_HAL_Driver/stm32l4xx_hal_exti.o
                0x0000000008004b7a                HAL_EXTI_GetHandle
 *fill*         0x0000000008004ba2        0x2 
 .text.HAL_EXTI_IRQHandler
                0x0000000008004ba4       0x60 ./Drivers/STM32L4xx_HAL_Driver/stm32l4xx_hal_exti.o
                0x0000000008004ba4                HAL_EXTI_IRQHandler
 .text.HAL_GPIO_Init
                0x0000000008004c04      0x354 ./Drivers/STM32L4xx_HAL_Driver/stm32l4xx_hal_gpio.o
                0x0000000008004c04                HAL_GPIO_Init
 .text.HAL_GPIO_DeInit
                0x0000000008004f58      0x1e8 ./Drivers/STM32L4xx_HAL_Driver/stm32l4xx_hal_gpio.o
                0x0000000008004f58                HAL_GPIO_DeInit
 .text.HAL_GPIO_ReadPin
                0x0000000008005140       0x30 ./Drivers/STM32L4xx_HAL_Driver/stm32l4xx_hal_gpio.o
                0x0000000008005140                HAL_GPIO_ReadPin
 .text.HAL_GPIO_WritePin
                0x0000000008005170       0x30 ./Drivers/STM32L4xx_HAL_Driver/stm32l4xx_hal_gpio.o
                0x0000000008005170                HAL_GPIO_WritePin
 .text.HAL_GPIO_TogglePin
                0x00000000080051a0       0x34 ./Drivers/STM32L4xx_HAL_Driver/stm32l4xx_hal_gpio.o
                0x00000000080051a0                HAL_GPIO_TogglePin
 .text.HAL_I2C_Init
                0x00000000080051d4      0x136 ./Drivers/STM32L4xx_HAL_Driver/stm32l4xx_hal_i2c.o
                0x00000000080051d4                HAL_I2C_Init
 *fill*         0x000000000800530a        0x2 
 .text.HAL_I2C_Mem_Write
                0x000000000800530c      0x228 ./Drivers/STM32L4xx_HAL_Driver/stm32l4xx_hal_i2c.o
                0x000000000800530c                HAL_I2C_Mem_Write
 .text.HAL_I2C_Mem_Read
                0x0000000008005534      0x234 ./Drivers/STM32L4xx_HAL_Driver/stm32l4xx_hal_i2c.o
                0x0000000008005534                HAL_I2C_Mem_Read
 .text.I2C_RequestMemoryWrite
                0x0000000008005768       0xa8 ./Drivers/STM32L4xx_HAL_Driver/stm32l4xx_hal_i2c.o
 .text.I2C_RequestMemoryRead
                0x0000000008005810       0xa8 ./Drivers/STM32L4xx_HAL_Driver/stm32l4xx_hal_i2c.o
 .text.I2C_Flush_TXDR
                0x00000000080058b8       0x48 ./Drivers/STM32L4xx_HAL_Driver/stm32l4xx_hal_i2c.o
 .text.I2C_WaitOnFlagUntilTimeout
                0x0000000008005900       0x9e ./Drivers/STM32L4xx_HAL_Driver/stm32l4xx_hal_i2c.o
 .text.I2C_WaitOnTXISFlagUntilTimeout
                0x000000000800599e       0x8e ./Drivers/STM32L4xx_HAL_Driver/stm32l4xx_hal_i2c.o
 .text.I2C_WaitOnSTOPFlagUntilTimeout
                0x0000000008005a2c       0x86 ./Drivers/STM32L4xx_HAL_Driver/stm32l4xx_hal_i2c.o
 *fill*         0x0000000008005ab2        0x2 
 .text.I2C_IsErrorOccurred
                0x0000000008005ab4      0x1c0 ./Drivers/STM32L4xx_HAL_Driver/stm32l4xx_hal_i2c.o
 .text.I2C_TransferConfig
                0x0000000008005c74       0x64 ./Drivers/STM32L4xx_HAL_Driver/stm32l4xx_hal_i2c.o
 .text.HAL_I2CEx_ConfigAnalogFilter
                0x0000000008005cd8       0x96 ./Drivers/STM32L4xx_HAL_Driver/stm32l4xx_hal_i2c_ex.o
                0x0000000008005cd8                HAL_I2CEx_ConfigAnalogFilter
 .text.HAL_I2CEx_ConfigDigitalFilter
                0x0000000008005d6e       0x98 ./Drivers/STM32L4xx_HAL_Driver/stm32l4xx_hal_i2c_ex.o
                0x0000000008005d6e                HAL_I2CEx_ConfigDigitalFilter
 *fill*         0x0000000008005e06        0x2 
 .text.HAL_PWREx_GetVoltageRange
                0x0000000008005e08       0x1c ./Drivers/STM32L4xx_HAL_Driver/stm32l4xx_hal_pwr_ex.o
                0x0000000008005e08                HAL_PWREx_GetVoltageRange
 .text.HAL_PWREx_ControlVoltageScaling
                0x0000000008005e24       0xac ./Drivers/STM32L4xx_HAL_Driver/stm32l4xx_hal_pwr_ex.o
                0x0000000008005e24                HAL_PWREx_ControlVoltageScaling
 .text.HAL_RCC_OscConfig
                0x0000000008005ed0      0x7b8 ./Drivers/STM32L4xx_HAL_Driver/stm32l4xx_hal_rcc.o
                0x0000000008005ed0                HAL_RCC_OscConfig
 .text.HAL_RCC_ClockConfig
                0x0000000008006688      0x200 ./Drivers/STM32L4xx_HAL_Driver/stm32l4xx_hal_rcc.o
                0x0000000008006688                HAL_RCC_ClockConfig
 .text.HAL_RCC_GetSysClockFreq
                0x0000000008006888      0x118 ./Drivers/STM32L4xx_HAL_Driver/stm32l4xx_hal_rcc.o
                0x0000000008006888                HAL_RCC_GetSysClockFreq
 .text.HAL_RCC_GetHCLKFreq
                0x00000000080069a0       0x18 ./Drivers/STM32L4xx_HAL_Driver/stm32l4xx_hal_rcc.o
                0x00000000080069a0                HAL_RCC_GetHCLKFreq
 .text.HAL_RCC_GetPCLK1Freq
                0x00000000080069b8       0x2c ./Drivers/STM32L4xx_HAL_Driver/stm32l4xx_hal_rcc.o
                0x00000000080069b8                HAL_RCC_GetPCLK1Freq
 .text.HAL_RCC_GetPCLK2Freq
                0x00000000080069e4       0x2c ./Drivers/STM32L4xx_HAL_Driver/stm32l4xx_hal_rcc.o
                0x00000000080069e4                HAL_RCC_GetPCLK2Freq
 .text.RCC_SetFlashLatencyFromMSIRange
                0x0000000008006a10       0xc0 ./Drivers/STM32L4xx_HAL_Driver/stm32l4xx_hal_rcc.o
 .text.HAL_RCCEx_PeriphCLKConfig
                0x0000000008006ad0      0x5d4 ./Drivers/STM32L4xx_HAL_Driver/stm32l4xx_hal_rcc_ex.o
                0x0000000008006ad0                HAL_RCCEx_PeriphCLKConfig
 .text.RCCEx_PLLSAI1_Config
                0x00000000080070a4      0x1e8 ./Drivers/STM32L4xx_HAL_Driver/stm32l4xx_hal_rcc_ex.o
 .text.RCCEx_PLLSAI2_Config
                0x000000000800728c      0x1bc ./Drivers/STM32L4xx_HAL_Driver/stm32l4xx_hal_rcc_ex.o
 .text.HAL_SPI_Init
                0x0000000008007448      0x146 ./Drivers/STM32L4xx_HAL_Driver/stm32l4xx_hal_spi.o
                0x0000000008007448                HAL_SPI_Init
 .text.HAL_SPI_MspInit
                0x000000000800758e       0x14 ./Drivers/STM32L4xx_HAL_Driver/stm32l4xx_hal_spi.o
                0x000000000800758e                HAL_SPI_MspInit
 .text.HAL_SPI_TransmitReceive
                0x00000000080075a2      0x444 ./Drivers/STM32L4xx_HAL_Driver/stm32l4xx_hal_spi.o
                0x00000000080075a2                HAL_SPI_TransmitReceive
 .text.HAL_SPI_GetState
                0x00000000080079e6       0x1c ./Drivers/STM32L4xx_HAL_Driver/stm32l4xx_hal_spi.o
                0x00000000080079e6                HAL_SPI_GetState
 *fill*         0x0000000008007a02        0x2 
 .text.SPI_WaitFlagStateUntilTimeout
                0x0000000008007a04      0x110 ./Drivers/STM32L4xx_HAL_Driver/stm32l4xx_hal_spi.o
 .text.SPI_WaitFifoStateUntilTimeout
                0x0000000008007b14      0x12c ./Drivers/STM32L4xx_HAL_Driver/stm32l4xx_hal_spi.o
 .text.SPI_EndRxTxTransaction
                0x0000000008007c40       0x8c ./Drivers/STM32L4xx_HAL_Driver/stm32l4xx_hal_spi.o
 .text.HAL_UART_Init
                0x0000000008007ccc       0x9c ./Drivers/STM32L4xx_HAL_Driver/stm32l4xx_hal_uart.o
                0x0000000008007ccc                HAL_UART_Init
 .text.HAL_UART_MspInit
                0x0000000008007d68       0x14 ./Drivers/STM32L4xx_HAL_Driver/stm32l4xx_hal_uart.o
                0x0000000008007d68                HAL_UART_MspInit
 .text.HAL_UART_Transmit
                0x0000000008007d7c      0x114 ./Drivers/STM32L4xx_HAL_Driver/stm32l4xx_hal_uart.o
                0x0000000008007d7c                HAL_UART_Transmit
 .text.UART_SetConfig
                0x0000000008007e90      0x570 ./Drivers/STM32L4xx_HAL_Driver/stm32l4xx_hal_uart.o
                0x0000000008007e90                UART_SetConfig
 .text.UART_AdvFeatureConfig
                0x0000000008008400      0x144 ./Drivers/STM32L4xx_HAL_Driver/stm32l4xx_hal_uart.o
                0x0000000008008400                UART_AdvFeatureConfig
 .text.UART_CheckIdleState
                0x0000000008008544      0x150 ./Drivers/STM32L4xx_HAL_Driver/stm32l4xx_hal_uart.o
                0x0000000008008544                UART_CheckIdleState
 .text.UART_WaitOnFlagUntilTimeout
                0x0000000008008694       0xce ./Drivers/STM32L4xx_HAL_Driver/stm32l4xx_hal_uart.o
                0x0000000008008694                UART_WaitOnFlagUntilTimeout
 .text.UART_EndRxTransfer
                0x0000000008008762       0xc8 ./Drivers/STM32L4xx_HAL_Driver/stm32l4xx_hal_uart.o
 .text.aci_gap_set_discoverable
                0x000000000800882a      0x206 ./Middlewares/BlueNRG-2/Wireless/BlueNRG-2/Controller/bluenrg1_gap_aci.o
                0x000000000800882a                aci_gap_set_discoverable
 .text.aci_gap_set_authentication_requirement
                0x0000000008008a30      0x19a ./Middlewares/BlueNRG-2/Wireless/BlueNRG-2/Controller/bluenrg1_gap_aci.o
                0x0000000008008a30                aci_gap_set_authentication_requirement
 .text.aci_gap_init
                0x0000000008008bca      0x15a ./Middlewares/BlueNRG-2/Wireless/BlueNRG-2/Controller/bluenrg1_gap_aci.o
                0x0000000008008bca                aci_gap_init
 .text.aci_gap_update_adv_data
                0x0000000008008d24       0xf6 ./Middlewares/BlueNRG-2/Wireless/BlueNRG-2/Controller/bluenrg1_gap_aci.o
                0x0000000008008d24                aci_gap_update_adv_data
 .text.aci_gatt_init
                0x0000000008008e1a       0x54 ./Middlewares/BlueNRG-2/Wireless/BlueNRG-2/Controller/bluenrg1_gatt_aci.o
                0x0000000008008e1a                aci_gatt_init
 .text.aci_gatt_add_service
                0x0000000008008e6e      0x1ac ./Middlewares/BlueNRG-2/Wireless/BlueNRG-2/Controller/bluenrg1_gatt_aci.o
                0x0000000008008e6e                aci_gatt_add_service
 .text.aci_gatt_add_char
                0x000000000800901a      0x210 ./Middlewares/BlueNRG-2/Wireless/BlueNRG-2/Controller/bluenrg1_gatt_aci.o
                0x000000000800901a                aci_gatt_add_char
 .text.aci_gatt_update_char_value
                0x000000000800922a      0x164 ./Middlewares/BlueNRG-2/Wireless/BlueNRG-2/Controller/bluenrg1_gatt_aci.o
                0x000000000800922a                aci_gatt_update_char_value
 .text.aci_gatt_allow_read
                0x000000000800938e       0xbc ./Middlewares/BlueNRG-2/Wireless/BlueNRG-2/Controller/bluenrg1_gatt_aci.o
                0x000000000800938e                aci_gatt_allow_read
 .text.aci_hal_read_config_data
                0x000000000800944a      0x108 ./Middlewares/BlueNRG-2/Wireless/BlueNRG-2/Controller/bluenrg1_hal_aci.o
                0x000000000800944a                aci_hal_read_config_data
 .text.aci_hal_set_tx_power_level
                0x0000000008009552       0xe0 ./Middlewares/BlueNRG-2/Wireless/BlueNRG-2/Controller/bluenrg1_hal_aci.o
                0x0000000008009552                aci_hal_set_tx_power_level
 .text.hci_disconnection_complete_event_process
                0x0000000008009632       0x30 ./Middlewares/BlueNRG-2/Wireless/BlueNRG-2/HCI_TL/Basic/bluenrg1_events.o
                0x0000000008009632                hci_disconnection_complete_event_process
 .text.hci_encryption_change_event_process
                0x0000000008009662       0x30 ./Middlewares/BlueNRG-2/Wireless/BlueNRG-2/HCI_TL/Basic/bluenrg1_events.o
                0x0000000008009662                hci_encryption_change_event_process
 .text.hci_read_remote_version_information_complete_event_process
                0x0000000008009692       0x3e ./Middlewares/BlueNRG-2/Wireless/BlueNRG-2/HCI_TL/Basic/bluenrg1_events.o
                0x0000000008009692                hci_read_remote_version_information_complete_event_process
 .text.hci_hardware_error_event_process
                0x00000000080096d0       0x24 ./Middlewares/BlueNRG-2/Wireless/BlueNRG-2/HCI_TL/Basic/bluenrg1_events.o
                0x00000000080096d0                hci_hardware_error_event_process
 .text.hci_number_of_completed_packets_event_process
                0x00000000080096f4       0xae ./Middlewares/BlueNRG-2/Wireless/BlueNRG-2/HCI_TL/Basic/bluenrg1_events.o
                0x00000000080096f4                hci_number_of_completed_packets_event_process
 .text.hci_data_buffer_overflow_event_process
                0x00000000080097a2       0x24 ./Middlewares/BlueNRG-2/Wireless/BlueNRG-2/HCI_TL/Basic/bluenrg1_events.o
                0x00000000080097a2                hci_data_buffer_overflow_event_process
 .text.hci_encryption_key_refresh_complete_event_process
                0x00000000080097c6       0x2e ./Middlewares/BlueNRG-2/Wireless/BlueNRG-2/HCI_TL/Basic/bluenrg1_events.o
                0x00000000080097c6                hci_encryption_key_refresh_complete_event_process
 .text.aci_blue_initialized_event_process
                0x00000000080097f4       0x24 ./Middlewares/BlueNRG-2/Wireless/BlueNRG-2/HCI_TL/Basic/bluenrg1_events.o
                0x00000000080097f4                aci_blue_initialized_event_process
 .text.aci_blue_events_lost_event_process
                0x0000000008009818       0x22 ./Middlewares/BlueNRG-2/Wireless/BlueNRG-2/HCI_TL/Basic/bluenrg1_events.o
                0x0000000008009818                aci_blue_events_lost_event_process
 .text.aci_blue_crash_info_event_process
                0x000000000800983a       0x84 ./Middlewares/BlueNRG-2/Wireless/BlueNRG-2/HCI_TL/Basic/bluenrg1_events.o
                0x000000000800983a                aci_blue_crash_info_event_process
 .text.aci_hal_end_of_radio_activity_event_process
                0x00000000080098be       0x2e ./Middlewares/BlueNRG-2/Wireless/BlueNRG-2/HCI_TL/Basic/bluenrg1_events.o
                0x00000000080098be                aci_hal_end_of_radio_activity_event_process
 .text.aci_hal_scan_req_report_event_process
                0x00000000080098ec       0x2e ./Middlewares/BlueNRG-2/Wireless/BlueNRG-2/HCI_TL/Basic/bluenrg1_events.o
                0x00000000080098ec                aci_hal_scan_req_report_event_process
 .text.aci_hal_fw_error_event_process
                0x000000000800991a       0x2c ./Middlewares/BlueNRG-2/Wireless/BlueNRG-2/HCI_TL/Basic/bluenrg1_events.o
                0x000000000800991a                aci_hal_fw_error_event_process
 .text.aci_gap_limited_discoverable_event_process
                0x0000000008009946       0x1a ./Middlewares/BlueNRG-2/Wireless/BlueNRG-2/HCI_TL/Basic/bluenrg1_events.o
                0x0000000008009946                aci_gap_limited_discoverable_event_process
 .text.aci_gap_pairing_complete_event_process
                0x0000000008009960       0x2e ./Middlewares/BlueNRG-2/Wireless/BlueNRG-2/HCI_TL/Basic/bluenrg1_events.o
                0x0000000008009960                aci_gap_pairing_complete_event_process
 .text.aci_gap_pass_key_req_event_process
                0x000000000800998e       0x26 ./Middlewares/BlueNRG-2/Wireless/BlueNRG-2/HCI_TL/Basic/bluenrg1_events.o
                0x000000000800998e                aci_gap_pass_key_req_event_process
 .text.aci_gap_authorization_req_event_process
                0x00000000080099b4       0x26 ./Middlewares/BlueNRG-2/Wireless/BlueNRG-2/HCI_TL/Basic/bluenrg1_events.o
                0x00000000080099b4                aci_gap_authorization_req_event_process
 .text.aci_gap_slave_security_initiated_event_process
                0x00000000080099da       0x1a ./Middlewares/BlueNRG-2/Wireless/BlueNRG-2/HCI_TL/Basic/bluenrg1_events.o
                0x00000000080099da                aci_gap_slave_security_initiated_event_process
 .text.aci_gap_bond_lost_event_process
                0x00000000080099f4       0x1a ./Middlewares/BlueNRG-2/Wireless/BlueNRG-2/HCI_TL/Basic/bluenrg1_events.o
                0x00000000080099f4                aci_gap_bond_lost_event_process
 .text.aci_gap_proc_complete_event_process
                0x0000000008009a0e       0x2e ./Middlewares/BlueNRG-2/Wireless/BlueNRG-2/HCI_TL/Basic/bluenrg1_events.o
                0x0000000008009a0e                aci_gap_proc_complete_event_process
 .text.aci_gap_addr_not_resolved_event_process
                0x0000000008009a3c       0x26 ./Middlewares/BlueNRG-2/Wireless/BlueNRG-2/HCI_TL/Basic/bluenrg1_events.o
                0x0000000008009a3c                aci_gap_addr_not_resolved_event_process
 .text.aci_gap_numeric_comparison_value_event_process
                0x0000000008009a62       0x2e ./Middlewares/BlueNRG-2/Wireless/BlueNRG-2/HCI_TL/Basic/bluenrg1_events.o
                0x0000000008009a62                aci_gap_numeric_comparison_value_event_process
 .text.aci_gap_keypress_notification_event_process
                0x0000000008009a90       0x2c ./Middlewares/BlueNRG-2/Wireless/BlueNRG-2/HCI_TL/Basic/bluenrg1_events.o
                0x0000000008009a90                aci_gap_keypress_notification_event_process
 .text.aci_l2cap_connection_update_resp_event_process
                0x0000000008009abc       0x2e ./Middlewares/BlueNRG-2/Wireless/BlueNRG-2/HCI_TL/Basic/bluenrg1_events.o
                0x0000000008009abc                aci_l2cap_connection_update_resp_event_process
 .text.aci_l2cap_proc_timeout_event_process
                0x0000000008009aea       0x2e ./Middlewares/BlueNRG-2/Wireless/BlueNRG-2/HCI_TL/Basic/bluenrg1_events.o
                0x0000000008009aea                aci_l2cap_proc_timeout_event_process
 .text.aci_l2cap_connection_update_req_event_process
                0x0000000008009b18       0x5c ./Middlewares/BlueNRG-2/Wireless/BlueNRG-2/HCI_TL/Basic/bluenrg1_events.o
                0x0000000008009b18                aci_l2cap_connection_update_req_event_process
 .text.aci_l2cap_command_reject_event_process
                0x0000000008009b74       0x3c ./Middlewares/BlueNRG-2/Wireless/BlueNRG-2/HCI_TL/Basic/bluenrg1_events.o
                0x0000000008009b74                aci_l2cap_command_reject_event_process
 .text.aci_gatt_attribute_modified_event_process
                0x0000000008009bb0       0x3e ./Middlewares/BlueNRG-2/Wireless/BlueNRG-2/HCI_TL/Basic/bluenrg1_events.o
                0x0000000008009bb0                aci_gatt_attribute_modified_event_process
 .text.aci_gatt_proc_timeout_event_process
                0x0000000008009bee       0x26 ./Middlewares/BlueNRG-2/Wireless/BlueNRG-2/HCI_TL/Basic/bluenrg1_events.o
                0x0000000008009bee                aci_gatt_proc_timeout_event_process
 .text.aci_att_exchange_mtu_resp_event_process
                0x0000000008009c14       0x2e ./Middlewares/BlueNRG-2/Wireless/BlueNRG-2/HCI_TL/Basic/bluenrg1_events.o
                0x0000000008009c14                aci_att_exchange_mtu_resp_event_process
 .text.aci_att_find_info_resp_event_process
                0x0000000008009c42       0x30 ./Middlewares/BlueNRG-2/Wireless/BlueNRG-2/HCI_TL/Basic/bluenrg1_events.o
                0x0000000008009c42                aci_att_find_info_resp_event_process
 .text.aci_att_find_by_type_value_resp_event_process
                0x0000000008009c72       0xb4 ./Middlewares/BlueNRG-2/Wireless/BlueNRG-2/HCI_TL/Basic/bluenrg1_events.o
                0x0000000008009c72                aci_att_find_by_type_value_resp_event_process
 .text.aci_att_read_by_type_resp_event_process
                0x0000000008009d26       0x30 ./Middlewares/BlueNRG-2/Wireless/BlueNRG-2/HCI_TL/Basic/bluenrg1_events.o
                0x0000000008009d26                aci_att_read_by_type_resp_event_process
 .text.aci_att_read_resp_event_process
                0x0000000008009d56       0x2e ./Middlewares/BlueNRG-2/Wireless/BlueNRG-2/HCI_TL/Basic/bluenrg1_events.o
                0x0000000008009d56                aci_att_read_resp_event_process
 .text.aci_att_read_blob_resp_event_process
                0x0000000008009d84       0x2e ./Middlewares/BlueNRG-2/Wireless/BlueNRG-2/HCI_TL/Basic/bluenrg1_events.o
                0x0000000008009d84                aci_att_read_blob_resp_event_process
 .text.aci_att_read_multiple_resp_event_process
                0x0000000008009db2       0x2e ./Middlewares/BlueNRG-2/Wireless/BlueNRG-2/HCI_TL/Basic/bluenrg1_events.o
                0x0000000008009db2                aci_att_read_multiple_resp_event_process
 .text.aci_att_read_by_group_type_resp_event_process
                0x0000000008009de0       0x30 ./Middlewares/BlueNRG-2/Wireless/BlueNRG-2/HCI_TL/Basic/bluenrg1_events.o
                0x0000000008009de0                aci_att_read_by_group_type_resp_event_process
 .text.aci_att_prepare_write_resp_event_process
                0x0000000008009e10       0x3c ./Middlewares/BlueNRG-2/Wireless/BlueNRG-2/HCI_TL/Basic/bluenrg1_events.o
                0x0000000008009e10                aci_att_prepare_write_resp_event_process
 .text.aci_att_exec_write_resp_event_process
                0x0000000008009e4c       0x26 ./Middlewares/BlueNRG-2/Wireless/BlueNRG-2/HCI_TL/Basic/bluenrg1_events.o
                0x0000000008009e4c                aci_att_exec_write_resp_event_process
 .text.aci_gatt_indication_event_process
                0x0000000008009e72       0x32 ./Middlewares/BlueNRG-2/Wireless/BlueNRG-2/HCI_TL/Basic/bluenrg1_events.o
                0x0000000008009e72                aci_gatt_indication_event_process
 .text.aci_gatt_notification_event_process
                0x0000000008009ea4       0x32 ./Middlewares/BlueNRG-2/Wireless/BlueNRG-2/HCI_TL/Basic/bluenrg1_events.o
                0x0000000008009ea4                aci_gatt_notification_event_process
 .text.aci_gatt_proc_complete_event_process
                0x0000000008009ed6       0x2c ./Middlewares/BlueNRG-2/Wireless/BlueNRG-2/HCI_TL/Basic/bluenrg1_events.o
                0x0000000008009ed6                aci_gatt_proc_complete_event_process
 .text.aci_gatt_error_resp_event_process
                0x0000000008009f02       0x34 ./Middlewares/BlueNRG-2/Wireless/BlueNRG-2/HCI_TL/Basic/bluenrg1_events.o
                0x0000000008009f02                aci_gatt_error_resp_event_process
 .text.aci_gatt_disc_read_char_by_uuid_resp_event_process
                0x0000000008009f36       0x32 ./Middlewares/BlueNRG-2/Wireless/BlueNRG-2/HCI_TL/Basic/bluenrg1_events.o
                0x0000000008009f36                aci_gatt_disc_read_char_by_uuid_resp_event_process
 .text.aci_gatt_write_permit_req_event_process
                0x0000000008009f68       0x32 ./Middlewares/BlueNRG-2/Wireless/BlueNRG-2/HCI_TL/Basic/bluenrg1_events.o
                0x0000000008009f68                aci_gatt_write_permit_req_event_process
 .text.aci_gatt_read_permit_req_event_process
                0x0000000008009f9a       0x32 ./Middlewares/BlueNRG-2/Wireless/BlueNRG-2/HCI_TL/Basic/bluenrg1_events.o
                0x0000000008009f9a                aci_gatt_read_permit_req_event_process
 .text.aci_gatt_read_multi_permit_req_event_process
                0x0000000008009fcc       0x8a ./Middlewares/BlueNRG-2/Wireless/BlueNRG-2/HCI_TL/Basic/bluenrg1_events.o
                0x0000000008009fcc                aci_gatt_read_multi_permit_req_event_process
 .text.aci_gatt_tx_pool_available_event_process
                0x000000000800a056       0x2e ./Middlewares/BlueNRG-2/Wireless/BlueNRG-2/HCI_TL/Basic/bluenrg1_events.o
                0x000000000800a056                aci_gatt_tx_pool_available_event_process
 .text.aci_gatt_server_confirmation_event_process
                0x000000000800a084       0x26 ./Middlewares/BlueNRG-2/Wireless/BlueNRG-2/HCI_TL/Basic/bluenrg1_events.o
                0x000000000800a084                aci_gatt_server_confirmation_event_process
 .text.aci_gatt_prepare_write_permit_req_event_process
                0x000000000800a0aa       0x3c ./Middlewares/BlueNRG-2/Wireless/BlueNRG-2/HCI_TL/Basic/bluenrg1_events.o
                0x000000000800a0aa                aci_gatt_prepare_write_permit_req_event_process
 .text.hci_le_connection_complete_event_process
                0x000000000800a0e6       0x68 ./Middlewares/BlueNRG-2/Wireless/BlueNRG-2/HCI_TL/Basic/bluenrg1_events.o
                0x000000000800a0e6                hci_le_connection_complete_event_process
 .text.hci_le_advertising_report_event_process
                0x000000000800a14e      0x1ba ./Middlewares/BlueNRG-2/Wireless/BlueNRG-2/HCI_TL/Basic/bluenrg1_events.o
                0x000000000800a14e                hci_le_advertising_report_event_process
 .text.hci_le_connection_update_complete_event_process
                0x000000000800a308       0x46 ./Middlewares/BlueNRG-2/Wireless/BlueNRG-2/HCI_TL/Basic/bluenrg1_events.o
                0x000000000800a308                hci_le_connection_update_complete_event_process
 .text.hci_le_read_remote_used_features_complete_event_process
                0x000000000800a34e       0x30 ./Middlewares/BlueNRG-2/Wireless/BlueNRG-2/HCI_TL/Basic/bluenrg1_events.o
                0x000000000800a34e                hci_le_read_remote_used_features_complete_event_process
 .text.hci_le_long_term_key_request_event_process
                0x000000000800a37e       0x30 ./Middlewares/BlueNRG-2/Wireless/BlueNRG-2/HCI_TL/Basic/bluenrg1_events.o
                0x000000000800a37e                hci_le_long_term_key_request_event_process
 .text.hci_le_data_length_change_event_process
                0x000000000800a3ae       0x40 ./Middlewares/BlueNRG-2/Wireless/BlueNRG-2/HCI_TL/Basic/bluenrg1_events.o
                0x000000000800a3ae                hci_le_data_length_change_event_process
 .text.hci_le_read_local_p256_public_key_complete_event_process
                0x000000000800a3ee       0x2a ./Middlewares/BlueNRG-2/Wireless/BlueNRG-2/HCI_TL/Basic/bluenrg1_events.o
                0x000000000800a3ee                hci_le_read_local_p256_public_key_complete_event_process
 .text.hci_le_generate_dhkey_complete_event_process
                0x000000000800a418       0x2a ./Middlewares/BlueNRG-2/Wireless/BlueNRG-2/HCI_TL/Basic/bluenrg1_events.o
                0x000000000800a418                hci_le_generate_dhkey_complete_event_process
 .text.hci_le_enhanced_connection_complete_event_process
                0x000000000800a442       0x7c ./Middlewares/BlueNRG-2/Wireless/BlueNRG-2/HCI_TL/Basic/bluenrg1_events.o
                0x000000000800a442                hci_le_enhanced_connection_complete_event_process
 .text.hci_le_direct_advertising_report_event_process
                0x000000000800a4be      0x15e ./Middlewares/BlueNRG-2/Wireless/BlueNRG-2/HCI_TL/Basic/bluenrg1_events.o
                0x000000000800a4be                hci_le_direct_advertising_report_event_process
 .text.hci_encryption_change_event
                0x000000000800a61c       0x1e ./Middlewares/BlueNRG-2/Wireless/BlueNRG-2/HCI_TL/Basic/bluenrg1_events_cb.o
                0x000000000800a61c                hci_encryption_change_event
 .text.hci_read_remote_version_information_complete_event
                0x000000000800a63a       0x28 ./Middlewares/BlueNRG-2/Wireless/BlueNRG-2/HCI_TL/Basic/bluenrg1_events_cb.o
                0x000000000800a63a                hci_read_remote_version_information_complete_event
 .text.hci_hardware_error_event
                0x000000000800a662       0x16 ./Middlewares/BlueNRG-2/Wireless/BlueNRG-2/HCI_TL/Basic/bluenrg1_events_cb.o
                0x000000000800a662                hci_hardware_error_event
 .text.hci_number_of_completed_packets_event
                0x000000000800a678       0x18 ./Middlewares/BlueNRG-2/Wireless/BlueNRG-2/HCI_TL/Basic/bluenrg1_events_cb.o
                0x000000000800a678                hci_number_of_completed_packets_event
 .text.hci_data_buffer_overflow_event
                0x000000000800a690       0x16 ./Middlewares/BlueNRG-2/Wireless/BlueNRG-2/HCI_TL/Basic/bluenrg1_events_cb.o
                0x000000000800a690                hci_data_buffer_overflow_event
 .text.hci_encryption_key_refresh_complete_event
                0x000000000800a6a6       0x1c ./Middlewares/BlueNRG-2/Wireless/BlueNRG-2/HCI_TL/Basic/bluenrg1_events_cb.o
                0x000000000800a6a6                hci_encryption_key_refresh_complete_event
 .text.hci_le_advertising_report_event
                0x000000000800a6c2       0x18 ./Middlewares/BlueNRG-2/Wireless/BlueNRG-2/HCI_TL/Basic/bluenrg1_events_cb.o
                0x000000000800a6c2                hci_le_advertising_report_event
 .text.hci_le_connection_update_complete_event
                0x000000000800a6da       0x28 ./Middlewares/BlueNRG-2/Wireless/BlueNRG-2/HCI_TL/Basic/bluenrg1_events_cb.o
                0x000000000800a6da                hci_le_connection_update_complete_event
 .text.hci_le_read_remote_used_features_complete_event
                0x000000000800a702       0x1c ./Middlewares/BlueNRG-2/Wireless/BlueNRG-2/HCI_TL/Basic/bluenrg1_events_cb.o
                0x000000000800a702                hci_le_read_remote_used_features_complete_event
 .text.hci_le_long_term_key_request_event
                0x000000000800a71e       0x1c ./Middlewares/BlueNRG-2/Wireless/BlueNRG-2/HCI_TL/Basic/bluenrg1_events_cb.o
                0x000000000800a71e                hci_le_long_term_key_request_event
 .text.hci_le_data_length_change_event
                0x000000000800a73a       0x28 ./Middlewares/BlueNRG-2/Wireless/BlueNRG-2/HCI_TL/Basic/bluenrg1_events_cb.o
                0x000000000800a73a                hci_le_data_length_change_event
 .text.hci_le_read_local_p256_public_key_complete_event
                0x000000000800a762       0x18 ./Middlewares/BlueNRG-2/Wireless/BlueNRG-2/HCI_TL/Basic/bluenrg1_events_cb.o
                0x000000000800a762                hci_le_read_local_p256_public_key_complete_event
 .text.hci_le_generate_dhkey_complete_event
                0x000000000800a77a       0x18 ./Middlewares/BlueNRG-2/Wireless/BlueNRG-2/HCI_TL/Basic/bluenrg1_events_cb.o
                0x000000000800a77a                hci_le_generate_dhkey_complete_event
 .text.hci_le_enhanced_connection_complete_event
                0x000000000800a792       0x28 ./Middlewares/BlueNRG-2/Wireless/BlueNRG-2/HCI_TL/Basic/bluenrg1_events_cb.o
                0x000000000800a792                hci_le_enhanced_connection_complete_event
 .text.hci_le_direct_advertising_report_event
                0x000000000800a7ba       0x18 ./Middlewares/BlueNRG-2/Wireless/BlueNRG-2/HCI_TL/Basic/bluenrg1_events_cb.o
                0x000000000800a7ba                hci_le_direct_advertising_report_event
 .text.aci_gap_limited_discoverable_event
                0x000000000800a7d2        0xe ./Middlewares/BlueNRG-2/Wireless/BlueNRG-2/HCI_TL/Basic/bluenrg1_events_cb.o
                0x000000000800a7d2                aci_gap_limited_discoverable_event
 .text.aci_gap_pairing_complete_event
                0x000000000800a7e0       0x1e ./Middlewares/BlueNRG-2/Wireless/BlueNRG-2/HCI_TL/Basic/bluenrg1_events_cb.o
                0x000000000800a7e0                aci_gap_pairing_complete_event
 .text.aci_gap_pass_key_req_event
                0x000000000800a7fe       0x16 ./Middlewares/BlueNRG-2/Wireless/BlueNRG-2/HCI_TL/Basic/bluenrg1_events_cb.o
                0x000000000800a7fe                aci_gap_pass_key_req_event
 .text.aci_gap_authorization_req_event
                0x000000000800a814       0x16 ./Middlewares/BlueNRG-2/Wireless/BlueNRG-2/HCI_TL/Basic/bluenrg1_events_cb.o
                0x000000000800a814                aci_gap_authorization_req_event
 .text.aci_gap_slave_security_initiated_event
                0x000000000800a82a        0xe ./Middlewares/BlueNRG-2/Wireless/BlueNRG-2/HCI_TL/Basic/bluenrg1_events_cb.o
                0x000000000800a82a                aci_gap_slave_security_initiated_event
 .text.aci_gap_bond_lost_event
                0x000000000800a838        0xe ./Middlewares/BlueNRG-2/Wireless/BlueNRG-2/HCI_TL/Basic/bluenrg1_events_cb.o
                0x000000000800a838                aci_gap_bond_lost_event
 .text.aci_gap_proc_complete_event
                0x000000000800a846       0x20 ./Middlewares/BlueNRG-2/Wireless/BlueNRG-2/HCI_TL/Basic/bluenrg1_events_cb.o
                0x000000000800a846                aci_gap_proc_complete_event
 .text.aci_gap_addr_not_resolved_event
                0x000000000800a866       0x16 ./Middlewares/BlueNRG-2/Wireless/BlueNRG-2/HCI_TL/Basic/bluenrg1_events_cb.o
                0x000000000800a866                aci_gap_addr_not_resolved_event
 .text.aci_gap_numeric_comparison_value_event
                0x000000000800a87c       0x18 ./Middlewares/BlueNRG-2/Wireless/BlueNRG-2/HCI_TL/Basic/bluenrg1_events_cb.o
                0x000000000800a87c                aci_gap_numeric_comparison_value_event
 .text.aci_gap_keypress_notification_event
                0x000000000800a894       0x1c ./Middlewares/BlueNRG-2/Wireless/BlueNRG-2/HCI_TL/Basic/bluenrg1_events_cb.o
                0x000000000800a894                aci_gap_keypress_notification_event
 .text.aci_gatt_attribute_modified_event
                0x000000000800a8b0       0x28 ./Middlewares/BlueNRG-2/Wireless/BlueNRG-2/HCI_TL/Basic/bluenrg1_events_cb.o
                0x000000000800a8b0                aci_gatt_attribute_modified_event
 .text.aci_gatt_proc_timeout_event
                0x000000000800a8d8       0x16 ./Middlewares/BlueNRG-2/Wireless/BlueNRG-2/HCI_TL/Basic/bluenrg1_events_cb.o
                0x000000000800a8d8                aci_gatt_proc_timeout_event
 .text.aci_att_exchange_mtu_resp_event
                0x000000000800a8ee       0x1c ./Middlewares/BlueNRG-2/Wireless/BlueNRG-2/HCI_TL/Basic/bluenrg1_events_cb.o
                0x000000000800a8ee                aci_att_exchange_mtu_resp_event
 .text.aci_att_find_info_resp_event
                0x000000000800a90a       0x20 ./Middlewares/BlueNRG-2/Wireless/BlueNRG-2/HCI_TL/Basic/bluenrg1_events_cb.o
                0x000000000800a90a                aci_att_find_info_resp_event
 .text.aci_att_find_by_type_value_resp_event
                0x000000000800a92a       0x1c ./Middlewares/BlueNRG-2/Wireless/BlueNRG-2/HCI_TL/Basic/bluenrg1_events_cb.o
                0x000000000800a92a                aci_att_find_by_type_value_resp_event
 .text.aci_att_read_by_type_resp_event
                0x000000000800a946       0x20 ./Middlewares/BlueNRG-2/Wireless/BlueNRG-2/HCI_TL/Basic/bluenrg1_events_cb.o
                0x000000000800a946                aci_att_read_by_type_resp_event
 .text.aci_att_read_resp_event
                0x000000000800a966       0x1c ./Middlewares/BlueNRG-2/Wireless/BlueNRG-2/HCI_TL/Basic/bluenrg1_events_cb.o
                0x000000000800a966                aci_att_read_resp_event
 .text.aci_att_read_blob_resp_event
                0x000000000800a982       0x1c ./Middlewares/BlueNRG-2/Wireless/BlueNRG-2/HCI_TL/Basic/bluenrg1_events_cb.o
                0x000000000800a982                aci_att_read_blob_resp_event
 .text.aci_att_read_multiple_resp_event
                0x000000000800a99e       0x1c ./Middlewares/BlueNRG-2/Wireless/BlueNRG-2/HCI_TL/Basic/bluenrg1_events_cb.o
                0x000000000800a99e                aci_att_read_multiple_resp_event
 .text.aci_att_read_by_group_type_resp_event
                0x000000000800a9ba       0x20 ./Middlewares/BlueNRG-2/Wireless/BlueNRG-2/HCI_TL/Basic/bluenrg1_events_cb.o
                0x000000000800a9ba                aci_att_read_by_group_type_resp_event
 .text.aci_att_prepare_write_resp_event
                0x000000000800a9da       0x28 ./Middlewares/BlueNRG-2/Wireless/BlueNRG-2/HCI_TL/Basic/bluenrg1_events_cb.o
                0x000000000800a9da                aci_att_prepare_write_resp_event
 .text.aci_att_exec_write_resp_event
                0x000000000800aa02       0x16 ./Middlewares/BlueNRG-2/Wireless/BlueNRG-2/HCI_TL/Basic/bluenrg1_events_cb.o
                0x000000000800aa02                aci_att_exec_write_resp_event
 .text.aci_gatt_indication_event
                0x000000000800aa18       0x20 ./Middlewares/BlueNRG-2/Wireless/BlueNRG-2/HCI_TL/Basic/bluenrg1_events_cb.o
                0x000000000800aa18                aci_gatt_indication_event
 .text.aci_gatt_notification_event
                0x000000000800aa38       0x20 ./Middlewares/BlueNRG-2/Wireless/BlueNRG-2/HCI_TL/Basic/bluenrg1_events_cb.o
                0x000000000800aa38                aci_gatt_notification_event
 .text.aci_gatt_proc_complete_event
                0x000000000800aa58       0x1c ./Middlewares/BlueNRG-2/Wireless/BlueNRG-2/HCI_TL/Basic/bluenrg1_events_cb.o
                0x000000000800aa58                aci_gatt_proc_complete_event
 .text.aci_gatt_error_resp_event
                0x000000000800aa74       0x28 ./Middlewares/BlueNRG-2/Wireless/BlueNRG-2/HCI_TL/Basic/bluenrg1_events_cb.o
                0x000000000800aa74                aci_gatt_error_resp_event
 .text.aci_gatt_disc_read_char_by_uuid_resp_event
                0x000000000800aa9c       0x20 ./Middlewares/BlueNRG-2/Wireless/BlueNRG-2/HCI_TL/Basic/bluenrg1_events_cb.o
                0x000000000800aa9c                aci_gatt_disc_read_char_by_uuid_resp_event
 .text.aci_gatt_write_permit_req_event
                0x000000000800aabc       0x20 ./Middlewares/BlueNRG-2/Wireless/BlueNRG-2/HCI_TL/Basic/bluenrg1_events_cb.o
                0x000000000800aabc                aci_gatt_write_permit_req_event
 .text.aci_gatt_read_multi_permit_req_event
                0x000000000800aadc       0x1c ./Middlewares/BlueNRG-2/Wireless/BlueNRG-2/HCI_TL/Basic/bluenrg1_events_cb.o
                0x000000000800aadc                aci_gatt_read_multi_permit_req_event
 .text.aci_gatt_tx_pool_available_event
                0x000000000800aaf8       0x1c ./Middlewares/BlueNRG-2/Wireless/BlueNRG-2/HCI_TL/Basic/bluenrg1_events_cb.o
                0x000000000800aaf8                aci_gatt_tx_pool_available_event
 .text.aci_gatt_server_confirmation_event
                0x000000000800ab14       0x16 ./Middlewares/BlueNRG-2/Wireless/BlueNRG-2/HCI_TL/Basic/bluenrg1_events_cb.o
                0x000000000800ab14                aci_gatt_server_confirmation_event
 .text.aci_gatt_prepare_write_permit_req_event
                0x000000000800ab2a       0x28 ./Middlewares/BlueNRG-2/Wireless/BlueNRG-2/HCI_TL/Basic/bluenrg1_events_cb.o
                0x000000000800ab2a                aci_gatt_prepare_write_permit_req_event
 .text.aci_l2cap_connection_update_resp_event
                0x000000000800ab52       0x1c ./Middlewares/BlueNRG-2/Wireless/BlueNRG-2/HCI_TL/Basic/bluenrg1_events_cb.o
                0x000000000800ab52                aci_l2cap_connection_update_resp_event
 .text.aci_l2cap_proc_timeout_event
                0x000000000800ab6e       0x1c ./Middlewares/BlueNRG-2/Wireless/BlueNRG-2/HCI_TL/Basic/bluenrg1_events_cb.o
                0x000000000800ab6e                aci_l2cap_proc_timeout_event
 .text.aci_l2cap_connection_update_req_event
                0x000000000800ab8a       0x28 ./Middlewares/BlueNRG-2/Wireless/BlueNRG-2/HCI_TL/Basic/bluenrg1_events_cb.o
                0x000000000800ab8a                aci_l2cap_connection_update_req_event
 .text.aci_l2cap_command_reject_event
                0x000000000800abb2       0x28 ./Middlewares/BlueNRG-2/Wireless/BlueNRG-2/HCI_TL/Basic/bluenrg1_events_cb.o
                0x000000000800abb2                aci_l2cap_command_reject_event
 .text.aci_blue_initialized_event
                0x000000000800abda       0x16 ./Middlewares/BlueNRG-2/Wireless/BlueNRG-2/HCI_TL/Basic/bluenrg1_events_cb.o
                0x000000000800abda                aci_blue_initialized_event
 .text.aci_blue_events_lost_event
                0x000000000800abf0       0x14 ./Middlewares/BlueNRG-2/Wireless/BlueNRG-2/HCI_TL/Basic/bluenrg1_events_cb.o
                0x000000000800abf0                aci_blue_events_lost_event
 .text.aci_blue_crash_info_event
                0x000000000800ac04       0x1c ./Middlewares/BlueNRG-2/Wireless/BlueNRG-2/HCI_TL/Basic/bluenrg1_events_cb.o
                0x000000000800ac04                aci_blue_crash_info_event
 .text.aci_hal_end_of_radio_activity_event
                0x000000000800ac20       0x1c ./Middlewares/BlueNRG-2/Wireless/BlueNRG-2/HCI_TL/Basic/bluenrg1_events_cb.o
                0x000000000800ac20                aci_hal_end_of_radio_activity_event
 .text.aci_hal_scan_req_report_event
                0x000000000800ac3c       0x1c ./Middlewares/BlueNRG-2/Wireless/BlueNRG-2/HCI_TL/Basic/bluenrg1_events_cb.o
                0x000000000800ac3c                aci_hal_scan_req_report_event
 .text.aci_hal_fw_error_event
                0x000000000800ac58       0x1c ./Middlewares/BlueNRG-2/Wireless/BlueNRG-2/HCI_TL/Basic/bluenrg1_events_cb.o
                0x000000000800ac58                aci_hal_fw_error_event
 .text.hci_reset
                0x000000000800ac74       0x52 ./Middlewares/BlueNRG-2/Wireless/BlueNRG-2/HCI_TL/Basic/bluenrg1_hci_le.o
                0x000000000800ac74                hci_reset
 .text.hci_read_local_version_information
                0x000000000800acc6       0x8c ./Middlewares/BlueNRG-2/Wireless/BlueNRG-2/HCI_TL/Basic/bluenrg1_hci_le.o
                0x000000000800acc6                hci_read_local_version_information
 .text.hci_le_set_scan_response_data
                0x000000000800ad52       0xf2 ./Middlewares/BlueNRG-2/Wireless/BlueNRG-2/HCI_TL/Basic/bluenrg1_hci_le.o
                0x000000000800ad52                hci_le_set_scan_response_data
 .text.verify_packet
                0x000000000800ae44       0x40 ./Middlewares/BlueNRG-2/Wireless/BlueNRG-2/HCI_TL/Basic/hci_tl.o
 .text.send_cmd
                0x000000000800ae84       0x80 ./Middlewares/BlueNRG-2/Wireless/BlueNRG-2/HCI_TL/Basic/hci_tl.o
 .text.move_list
                0x000000000800af04       0x38 ./Middlewares/BlueNRG-2/Wireless/BlueNRG-2/HCI_TL/Basic/hci_tl.o
 .text.free_event_list
                0x000000000800af3c       0x3c ./Middlewares/BlueNRG-2/Wireless/BlueNRG-2/HCI_TL/Basic/hci_tl.o
 .text.hci_init
                0x000000000800af78       0x84 ./Middlewares/BlueNRG-2/Wireless/BlueNRG-2/HCI_TL/Basic/hci_tl.o
                0x000000000800af78                hci_init
 .text.hci_register_io_bus
                0x000000000800affc       0x40 ./Middlewares/BlueNRG-2/Wireless/BlueNRG-2/HCI_TL/Basic/hci_tl.o
                0x000000000800affc                hci_register_io_bus
 .text.hci_send_req
                0x000000000800b03c      0x230 ./Middlewares/BlueNRG-2/Wireless/BlueNRG-2/HCI_TL/Basic/hci_tl.o
                0x000000000800b03c                hci_send_req
 .text.hci_user_evt_proc
                0x000000000800b26c       0x58 ./Middlewares/BlueNRG-2/Wireless/BlueNRG-2/HCI_TL/Basic/hci_tl.o
                0x000000000800b26c                hci_user_evt_proc
 .text.hci_notify_asynch_evt
                0x000000000800b2c4       0x9c ./Middlewares/BlueNRG-2/Wireless/BlueNRG-2/HCI_TL/Basic/hci_tl.o
                0x000000000800b2c4                hci_notify_asynch_evt
 .text.list_init_head
                0x000000000800b360       0x20 ./Middlewares/BlueNRG-2/Wireless/BlueNRG-2/Utils/ble_list.o
                0x000000000800b360                list_init_head
 .text.list_is_empty
                0x000000000800b380       0x44 ./Middlewares/BlueNRG-2/Wireless/BlueNRG-2/Utils/ble_list.o
                0x000000000800b380                list_is_empty
 .text.list_insert_head
                0x000000000800b3c4       0x4c ./Middlewares/BlueNRG-2/Wireless/BlueNRG-2/Utils/ble_list.o
                0x000000000800b3c4                list_insert_head
 .text.list_insert_tail
                0x000000000800b410       0x4c ./Middlewares/BlueNRG-2/Wireless/BlueNRG-2/Utils/ble_list.o
                0x000000000800b410                list_insert_tail
 .text.list_remove_node
                0x000000000800b45c       0x42 ./Middlewares/BlueNRG-2/Wireless/BlueNRG-2/Utils/ble_list.o
                0x000000000800b45c                list_remove_node
 .text.list_remove_head
                0x000000000800b49e       0x4e ./Middlewares/BlueNRG-2/Wireless/BlueNRG-2/Utils/ble_list.o
                0x000000000800b49e                list_remove_head
 .text.list_remove_tail
                0x000000000800b4ec       0x4e ./Middlewares/BlueNRG-2/Wireless/BlueNRG-2/Utils/ble_list.o
                0x000000000800b4ec                list_remove_tail
 .text.list_get_size
                0x000000000800b53a       0x50 ./Middlewares/BlueNRG-2/Wireless/BlueNRG-2/Utils/ble_list.o
                0x000000000800b53a                list_get_size
 *fill*         0x000000000800b58a        0x2 
 .text.srand    0x000000000800b58c       0x5c C:/ST/STM32CubeIDE_1.14.1/STM32CubeIDE/plugins/com.st.stm32cube.ide.mcu.externaltools.gnu-tools-for-stm32.11.3.rel1.win32_1.1.100.202309141235/tools/bin/../lib/gcc/arm-none-eabi/11.3.1/../../../../arm-none-eabi/lib/thumb/v7e-m+fp/hard\libc_nano.a(libc_a-rand.o)
                0x000000000800b58c                srand
 .text.rand     0x000000000800b5e8       0x7c C:/ST/STM32CubeIDE_1.14.1/STM32CubeIDE/plugins/com.st.stm32cube.ide.mcu.externaltools.gnu-tools-for-stm32.11.3.rel1.win32_1.1.100.202309141235/tools/bin/../lib/gcc/arm-none-eabi/11.3.1/../../../../arm-none-eabi/lib/thumb/v7e-m+fp/hard\libc_nano.a(libc_a-rand.o)
                0x000000000800b5e8                rand
 .text.__cvt    0x000000000800b664       0xc4 C:/ST/STM32CubeIDE_1.14.1/STM32CubeIDE/plugins/com.st.stm32cube.ide.mcu.externaltools.gnu-tools-for-stm32.11.3.rel1.win32_1.1.100.202309141235/tools/bin/../lib/gcc/arm-none-eabi/11.3.1/../../../../arm-none-eabi/lib/thumb/v7e-m+fp/hard\libc_nano.a(libc_a-nano-vfprintf_float.o)
                0x000000000800b664                __cvt
 .text.__exponent
                0x000000000800b728       0x7c C:/ST/STM32CubeIDE_1.14.1/STM32CubeIDE/plugins/com.st.stm32cube.ide.mcu.externaltools.gnu-tools-for-stm32.11.3.rel1.win32_1.1.100.202309141235/tools/bin/../lib/gcc/arm-none-eabi/11.3.1/../../../../arm-none-eabi/lib/thumb/v7e-m+fp/hard\libc_nano.a(libc_a-nano-vfprintf_float.o)
                0x000000000800b728                __exponent
 .text._printf_float
                0x000000000800b7a4      0x46c C:/ST/STM32CubeIDE_1.14.1/STM32CubeIDE/plugins/com.st.stm32cube.ide.mcu.externaltools.gnu-tools-for-stm32.11.3.rel1.win32_1.1.100.202309141235/tools/bin/../lib/gcc/arm-none-eabi/11.3.1/../../../../arm-none-eabi/lib/thumb/v7e-m+fp/hard\libc_nano.a(libc_a-nano-vfprintf_float.o)
                0x000000000800b7a4                _printf_float
 .text._printf_common
                0x000000000800bc10       0xda C:/ST/STM32CubeIDE_1.14.1/STM32CubeIDE/plugins/com.st.stm32cube.ide.mcu.externaltools.gnu-tools-for-stm32.11.3.rel1.win32_1.1.100.202309141235/tools/bin/../lib/gcc/arm-none-eabi/11.3.1/../../../../arm-none-eabi/lib/thumb/v7e-m+fp/hard\libc_nano.a(libc_a-nano-vfprintf_i.o)
                0x000000000800bc10                _printf_common
 *fill*         0x000000000800bcea        0x2 
 .text._printf_i
                0x000000000800bcec      0x244 C:/ST/STM32CubeIDE_1.14.1/STM32CubeIDE/plugins/com.st.stm32cube.ide.mcu.externaltools.gnu-tools-for-stm32.11.3.rel1.win32_1.1.100.202309141235/tools/bin/../lib/gcc/arm-none-eabi/11.3.1/../../../../arm-none-eabi/lib/thumb/v7e-m+fp/hard\libc_nano.a(libc_a-nano-vfprintf_i.o)
                0x000000000800bcec                _printf_i
 .text.std      0x000000000800bf30       0x6c C:/ST/STM32CubeIDE_1.14.1/STM32CubeIDE/plugins/com.st.stm32cube.ide.mcu.externaltools.gnu-tools-for-stm32.11.3.rel1.win32_1.1.100.202309141235/tools/bin/../lib/gcc/arm-none-eabi/11.3.1/../../../../arm-none-eabi/lib/thumb/v7e-m+fp/hard\libc_nano.a(libc_a-findfp.o)
 .text.stdio_exit_handler
                0x000000000800bf9c       0x18 C:/ST/STM32CubeIDE_1.14.1/STM32CubeIDE/plugins/com.st.stm32cube.ide.mcu.externaltools.gnu-tools-for-stm32.11.3.rel1.win32_1.1.100.202309141235/tools/bin/../lib/gcc/arm-none-eabi/11.3.1/../../../../arm-none-eabi/lib/thumb/v7e-m+fp/hard\libc_nano.a(libc_a-findfp.o)
 .text.cleanup_stdio
                0x000000000800bfb4       0x40 C:/ST/STM32CubeIDE_1.14.1/STM32CubeIDE/plugins/com.st.stm32cube.ide.mcu.externaltools.gnu-tools-for-stm32.11.3.rel1.win32_1.1.100.202309141235/tools/bin/../lib/gcc/arm-none-eabi/11.3.1/../../../../arm-none-eabi/lib/thumb/v7e-m+fp/hard\libc_nano.a(libc_a-findfp.o)
 .text.global_stdio_init.part.0
                0x000000000800bff4       0x3c C:/ST/STM32CubeIDE_1.14.1/STM32CubeIDE/plugins/com.st.stm32cube.ide.mcu.externaltools.gnu-tools-for-stm32.11.3.rel1.win32_1.1.100.202309141235/tools/bin/../lib/gcc/arm-none-eabi/11.3.1/../../../../arm-none-eabi/lib/thumb/v7e-m+fp/hard\libc_nano.a(libc_a-findfp.o)
 .text.__sfp_lock_acquire
                0x000000000800c030        0xc C:/ST/STM32CubeIDE_1.14.1/STM32CubeIDE/plugins/com.st.stm32cube.ide.mcu.externaltools.gnu-tools-for-stm32.11.3.rel1.win32_1.1.100.202309141235/tools/bin/../lib/gcc/arm-none-eabi/11.3.1/../../../../arm-none-eabi/lib/thumb/v7e-m+fp/hard\libc_nano.a(libc_a-findfp.o)
                0x000000000800c030                __sfp_lock_acquire
 .text.__sfp_lock_release
                0x000000000800c03c        0xc C:/ST/STM32CubeIDE_1.14.1/STM32CubeIDE/plugins/com.st.stm32cube.ide.mcu.externaltools.gnu-tools-for-stm32.11.3.rel1.win32_1.1.100.202309141235/tools/bin/../lib/gcc/arm-none-eabi/11.3.1/../../../../arm-none-eabi/lib/thumb/v7e-m+fp/hard\libc_nano.a(libc_a-findfp.o)
                0x000000000800c03c                __sfp_lock_release
 .text.__sinit  0x000000000800c048       0x30 C:/ST/STM32CubeIDE_1.14.1/STM32CubeIDE/plugins/com.st.stm32cube.ide.mcu.externaltools.gnu-tools-for-stm32.11.3.rel1.win32_1.1.100.202309141235/tools/bin/../lib/gcc/arm-none-eabi/11.3.1/../../../../arm-none-eabi/lib/thumb/v7e-m+fp/hard\libc_nano.a(libc_a-findfp.o)
                0x000000000800c048                __sinit
 .text._fwalk_sglue
                0x000000000800c078       0x3c C:/ST/STM32CubeIDE_1.14.1/STM32CubeIDE/plugins/com.st.stm32cube.ide.mcu.externaltools.gnu-tools-for-stm32.11.3.rel1.win32_1.1.100.202309141235/tools/bin/../lib/gcc/arm-none-eabi/11.3.1/../../../../arm-none-eabi/lib/thumb/v7e-m+fp/hard\libc_nano.a(libc_a-fwalk.o)
                0x000000000800c078                _fwalk_sglue
 .text.printf   0x000000000800c0b4       0x24 C:/ST/STM32CubeIDE_1.14.1/STM32CubeIDE/plugins/com.st.stm32cube.ide.mcu.externaltools.gnu-tools-for-stm32.11.3.rel1.win32_1.1.100.202309141235/tools/bin/../lib/gcc/arm-none-eabi/11.3.1/../../../../arm-none-eabi/lib/thumb/v7e-m+fp/hard\libc_nano.a(libc_a-printf.o)
                0x000000000800c0b4                iprintf
                0x000000000800c0b4                printf
 .text._puts_r  0x000000000800c0d8       0xa8 C:/ST/STM32CubeIDE_1.14.1/STM32CubeIDE/plugins/com.st.stm32cube.ide.mcu.externaltools.gnu-tools-for-stm32.11.3.rel1.win32_1.1.100.202309141235/tools/bin/../lib/gcc/arm-none-eabi/11.3.1/../../../../arm-none-eabi/lib/thumb/v7e-m+fp/hard\libc_nano.a(libc_a-puts.o)
                0x000000000800c0d8                _puts_r
 .text.puts     0x000000000800c180       0x10 C:/ST/STM32CubeIDE_1.14.1/STM32CubeIDE/plugins/com.st.stm32cube.ide.mcu.externaltools.gnu-tools-for-stm32.11.3.rel1.win32_1.1.100.202309141235/tools/bin/../lib/gcc/arm-none-eabi/11.3.1/../../../../arm-none-eabi/lib/thumb/v7e-m+fp/hard\libc_nano.a(libc_a-puts.o)
                0x000000000800c180                puts
 .text.sprintf  0x000000000800c190       0x40 C:/ST/STM32CubeIDE_1.14.1/STM32CubeIDE/plugins/com.st.stm32cube.ide.mcu.externaltools.gnu-tools-for-stm32.11.3.rel1.win32_1.1.100.202309141235/tools/bin/../lib/gcc/arm-none-eabi/11.3.1/../../../../arm-none-eabi/lib/thumb/v7e-m+fp/hard\libc_nano.a(libc_a-sprintf.o)
                0x000000000800c190                siprintf
                0x000000000800c190                sprintf
 .text.__sread  0x000000000800c1d0       0x22 C:/ST/STM32CubeIDE_1.14.1/STM32CubeIDE/plugins/com.st.stm32cube.ide.mcu.externaltools.gnu-tools-for-stm32.11.3.rel1.win32_1.1.100.202309141235/tools/bin/../lib/gcc/arm-none-eabi/11.3.1/../../../../arm-none-eabi/lib/thumb/v7e-m+fp/hard\libc_nano.a(libc_a-stdio.o)
                0x000000000800c1d0                __sread
 .text.__swrite
                0x000000000800c1f2       0x38 C:/ST/STM32CubeIDE_1.14.1/STM32CubeIDE/plugins/com.st.stm32cube.ide.mcu.externaltools.gnu-tools-for-stm32.11.3.rel1.win32_1.1.100.202309141235/tools/bin/../lib/gcc/arm-none-eabi/11.3.1/../../../../arm-none-eabi/lib/thumb/v7e-m+fp/hard\libc_nano.a(libc_a-stdio.o)
                0x000000000800c1f2                __swrite
 .text.__sseek  0x000000000800c22a       0x24 C:/ST/STM32CubeIDE_1.14.1/STM32CubeIDE/plugins/com.st.stm32cube.ide.mcu.externaltools.gnu-tools-for-stm32.11.3.rel1.win32_1.1.100.202309141235/tools/bin/../lib/gcc/arm-none-eabi/11.3.1/../../../../arm-none-eabi/lib/thumb/v7e-m+fp/hard\libc_nano.a(libc_a-stdio.o)
                0x000000000800c22a                __sseek
 .text.__sclose
                0x000000000800c24e        0x8 C:/ST/STM32CubeIDE_1.14.1/STM32CubeIDE/plugins/com.st.stm32cube.ide.mcu.externaltools.gnu-tools-for-stm32.11.3.rel1.win32_1.1.100.202309141235/tools/bin/../lib/gcc/arm-none-eabi/11.3.1/../../../../arm-none-eabi/lib/thumb/v7e-m+fp/hard\libc_nano.a(libc_a-stdio.o)
                0x000000000800c24e                __sclose
 .text.__swbuf_r
                0x000000000800c256       0x7a C:/ST/STM32CubeIDE_1.14.1/STM32CubeIDE/plugins/com.st.stm32cube.ide.mcu.externaltools.gnu-tools-for-stm32.11.3.rel1.win32_1.1.100.202309141235/tools/bin/../lib/gcc/arm-none-eabi/11.3.1/../../../../arm-none-eabi/lib/thumb/v7e-m+fp/hard\libc_nano.a(libc_a-wbuf.o)
                0x000000000800c256                __swbuf_r
 .text.__swsetup_r
                0x000000000800c2d0       0xb0 C:/ST/STM32CubeIDE_1.14.1/STM32CubeIDE/plugins/com.st.stm32cube.ide.mcu.externaltools.gnu-tools-for-stm32.11.3.rel1.win32_1.1.100.202309141235/tools/bin/../lib/gcc/arm-none-eabi/11.3.1/../../../../arm-none-eabi/lib/thumb/v7e-m+fp/hard\libc_nano.a(libc_a-wsetup.o)
                0x000000000800c2d0                __swsetup_r
 .text.memset   0x000000000800c380       0x10 C:/ST/STM32CubeIDE_1.14.1/STM32CubeIDE/plugins/com.st.stm32cube.ide.mcu.externaltools.gnu-tools-for-stm32.11.3.rel1.win32_1.1.100.202309141235/tools/bin/../lib/gcc/arm-none-eabi/11.3.1/../../../../arm-none-eabi/lib/thumb/v7e-m+fp/hard\libc_nano.a(libc_a-memset.o)
                0x000000000800c380                memset
 .text._localeconv_r
                0x000000000800c390        0x8 C:/ST/STM32CubeIDE_1.14.1/STM32CubeIDE/plugins/com.st.stm32cube.ide.mcu.externaltools.gnu-tools-for-stm32.11.3.rel1.win32_1.1.100.202309141235/tools/bin/../lib/gcc/arm-none-eabi/11.3.1/../../../../arm-none-eabi/lib/thumb/v7e-m+fp/hard\libc_nano.a(libc_a-localeconv.o)
                0x000000000800c390                _localeconv_r
 .text._close_r
                0x000000000800c398       0x20 C:/ST/STM32CubeIDE_1.14.1/STM32CubeIDE/plugins/com.st.stm32cube.ide.mcu.externaltools.gnu-tools-for-stm32.11.3.rel1.win32_1.1.100.202309141235/tools/bin/../lib/gcc/arm-none-eabi/11.3.1/../../../../arm-none-eabi/lib/thumb/v7e-m+fp/hard\libc_nano.a(libc_a-closer.o)
                0x000000000800c398                _close_r
 .text._lseek_r
                0x000000000800c3b8       0x24 C:/ST/STM32CubeIDE_1.14.1/STM32CubeIDE/plugins/com.st.stm32cube.ide.mcu.externaltools.gnu-tools-for-stm32.11.3.rel1.win32_1.1.100.202309141235/tools/bin/../lib/gcc/arm-none-eabi/11.3.1/../../../../arm-none-eabi/lib/thumb/v7e-m+fp/hard\libc_nano.a(libc_a-lseekr.o)
                0x000000000800c3b8                _lseek_r